../Componets/ISO SPI/Src/LT_I2C.c:93:8:i2c_read_byte	24	static
../Componets/ISO SPI/Src/LT_I2C.c:100:8:i2c_write_byte	24	static
../Componets/ISO SPI/Src/LT_I2C.c:107:8:i2c_read_byte_data	32	static
../Componets/ISO SPI/Src/LT_I2C.c:114:8:i2c_write_byte_data	32	static
../Componets/ISO SPI/Src/LT_I2C.c:121:8:i2c_read_word_data	40	static
../Componets/ISO SPI/Src/LT_I2C.c:130:8:i2c_write_word_data	40	static
../Componets/ISO SPI/Src/LT_I2C.c:138:8:i2c_read_block_data	32	static
../Componets/ISO SPI/Src/LT_I2C.c:146:8:i2c_read_block_nocmd	24	static
../Componets/ISO SPI/Src/LT_I2C.c:154:8:i2c_write_block_data	64	static
../Componets/ISO SPI/Src/LT_I2C.c:165:8:i2c_two_byte_command_read_block	32	static
../Componets/ISO SPI/Src/LT_I2C.c:177:6:quikeval_I2C_init	4	static
../Componets/ISO SPI/Src/LT_I2C.c:183:6:quikeval_I2C_connect	8	static
../Componets/ISO SPI/Src/LT_I2C.c:199:6:i2c_enable	8	static
../Componets/ISO SPI/Src/LT_I2C.c:237:8:i2c_start	4	static
../Componets/ISO SPI/Src/LT_I2C.c:244:8:i2c_repeated_start	4	static
../Componets/ISO SPI/Src/LT_I2C.c:250:6:i2c_stop	4	static
../Componets/ISO SPI/Src/LT_I2C.c:256:8:i2c_write	16	static
../Componets/ISO SPI/Src/LT_I2C.c:264:9:i2c_read	16	static
../Componets/ISO SPI/Src/LT_I2C.c:272:8:i2c_poll	16	static
