../Componets/ISO SPI/Src/LT_SPI.c:89:6:spi_transfer_byte	16	static
../Componets/ISO SPI/Src/LT_SPI.c:98:6:spi_transfer_word	24	static
../Componets/ISO SPI/Src/LT_SPI.c:124:6:spi_transfer_block	32	static
../Componets/ISO SPI/Src/LT_SPI.c:135:6:quikeval_SPI_connect	8	static
../Componets/ISO SPI/Src/LT_SPI.c:147:6:quikeval_SPI_init	8	static
../Componets/ISO SPI/Src/LT_SPI.c:165:6:spi_enable	24	static
../Componets/ISO SPI/Src/LT_SPI.c:210:6:spi_disable	8	static
../Componets/ISO SPI/Src/LT_SPI.c:221:6:spi_write	32	static
../Componets/ISO SPI/Src/LT_SPI.c:232:8:spi_read	32	static
