../Componets/ISO SPI/Src/LTC6811.c:18:6:LTC6811_init_reg_limits	24	static
../Componets/ISO SPI/Src/LTC6811.c:39:6:LTC6811_wrcfg	16	static
../Componets/ISO SPI/Src/LTC6811.c:47:8:LTC6811_rdcfg	24	static
../Componets/ISO SPI/Src/LTC6811.c:57:6:LTC6811_adcv	16	static
../Componets/ISO SPI/Src/LTC6811.c:66:6:LTC6811_adax	16	static
../Componets/ISO SPI/Src/LTC6811.c:74:6:LTC6811_adstat	16	static
../Componets/ISO SPI/Src/LTC6811.c:82:6:LTC6811_adcvax	16	static
../Componets/ISO SPI/Src/LTC6811.c:90:6:LTC6811_adcvsc	16	static
../Componets/ISO SPI/Src/LTC6811.c:102:9:LTC6811_rdcv	24	static
../Componets/ISO SPI/Src/LTC6811.c:117:8:LTC6811_rdaux	24	static
../Componets/ISO SPI/Src/LTC6811.c:133:8:LTC6811_rdstat	24	static
../Componets/ISO SPI/Src/LTC6811.c:144:9:LTC6811_pladc	8	static
../Componets/ISO SPI/Src/LTC6811.c:150:10:LTC6811_pollAdc	8	static
../Componets/ISO SPI/Src/LTC6811.c:159:6:LTC6811_clrcell	8	static
../Componets/ISO SPI/Src/LTC6811.c:168:6:LTC6811_clraux	8	static
../Componets/ISO SPI/Src/LTC6811.c:177:6:LTC6811_clrstat	8	static
../Componets/ISO SPI/Src/LTC6811.c:183:6:LTC6811_diagn	8	static
../Componets/ISO SPI/Src/LTC6811.c:189:6:LTC6811_cvst	16	static
../Componets/ISO SPI/Src/LTC6811.c:197:6:LTC6811_axst	16	static
../Componets/ISO SPI/Src/LTC6811.c:205:6:LTC6811_statst	16	static
../Componets/ISO SPI/Src/LTC6811.c:213:6:LTC6811_adol	16	static
../Componets/ISO SPI/Src/LTC6811.c:221:6:LTC6811_adaxd	16	static
../Componets/ISO SPI/Src/LTC6811.c:229:6:LTC6811_adstatd	16	static
../Componets/ISO SPI/Src/LTC6811.c:237:9:LTC6811_run_cell_adc_st	32	static
../Componets/ISO SPI/Src/LTC6811.c:250:10:LTC6811_run_adc_overlap	24	static
../Componets/ISO SPI/Src/LTC6811.c:260:9:LTC6811_run_adc_redundancy_st	24	static
../Componets/ISO SPI/Src/LTC6811.c:272:6:LTC6811_adow	24	static
../Componets/ISO SPI/Src/LTC6811.c:282:6:LTC6811_run_openwire_single	16	static
../Componets/ISO SPI/Src/LTC6811.c:290:6:LTC6811_run_openwire_multi	16	static
../Componets/ISO SPI/Src/LTC6811.c:298:6:LTC6811_set_discharge	24	static
../Componets/ISO SPI/Src/LTC6811.c:319:6:LTC6811_clear_discharge	16	static
../Componets/ISO SPI/Src/LTC6811.c:325:6:LTC6811_wrpwm	16	static
../Componets/ISO SPI/Src/LTC6811.c:334:8:LTC6811_rdpwm	24	static
../Componets/ISO SPI/Src/LTC6811.c:345:6:LTC6811_wrsctrl	16	static
../Componets/ISO SPI/Src/LTC6811.c:354:8:LTC6811_rdsctrl	24	static
../Componets/ISO SPI/Src/LTC6811.c:368:6:LTC6811_stsctrl	8	static
../Componets/ISO SPI/Src/LTC6811.c:378:6:LTC6811_clrsctrl	8	static
../Componets/ISO SPI/Src/LTC6811.c:384:6:LTC6811_wrcomm	16	static
../Componets/ISO SPI/Src/LTC6811.c:392:8:LTC6811_rdcomm	24	static
../Componets/ISO SPI/Src/LTC6811.c:402:6:LTC6811_stcomm	16	static
../Componets/ISO SPI/Src/LTC6811.c:408:6:LTC6811_check_pec	16	static
../Componets/ISO SPI/Src/LTC6811.c:417:6:LTC6811_reset_crc_count	16	static
../Componets/ISO SPI/Src/LTC6811.c:425:6:LTC6811_init_cfg	16	static
../Componets/ISO SPI/Src/LTC6811.c:433:6:LTC6811_set_cfgr	40	static
../Componets/ISO SPI/Src/LTC6811.c:448:6:LTC6811_set_cfgr_refon	16	static
../Componets/ISO SPI/Src/LTC6811.c:454:6:LTC6811_set_cfgr_adcopt	16	static
../Componets/ISO SPI/Src/LTC6811.c:460:6:LTC6811_set_cfgr_gpio	24	static
../Componets/ISO SPI/Src/LTC6811.c:466:6:LTC6811_set_cfgr_dis	24	static
../Componets/ISO SPI/Src/LTC6811.c:472:6:LTC6811_set_cfgr_dcto	24	static
../Componets/ISO SPI/Src/LTC6811.c:478:6:LTC6811_set_cfgr_uv	16	static
../Componets/ISO SPI/Src/LTC6811.c:484:6:LTC6811_set_cfgr_ov	16	static
