../Componets/ISO SPI/Src/LTC68xx_API.c:108:6:cs_low	8	static
../Componets/ISO SPI/Src/LTC68xx_API.c:116:6:cs_high	8	static
../Componets/ISO SPI/Src/LTC68xx_API.c:124:6:delay_time_us	24	static,ignoring_inline_asm
../Componets/ISO SPI/Src/LTC68xx_API.c:139:9:spi_write_reg_analog	32	static
../Componets/ISO SPI/Src/LTC68xx_API.c:152:6:spi_write_array	24	static
../Componets/ISO SPI/Src/LTC68xx_API.c:174:6:spi_write_read	24	static
../Componets/ISO SPI/Src/LTC68xx_API.c:200:9:spi_read_byte	32	static
../Componets/ISO SPI/Src/LTC68xx_API.c:215:6:temparature_data_read	32	static
../Componets/ISO SPI/Src/LTC68xx_API.c:255:13:tempDataTableRead	24	static
../Componets/ISO SPI/Src/LTC68xx_API.c:275:8:cell_voltage_read	16	static
../Componets/ISO SPI/Src/LTC68xx_API.c:299:9:aux_data_read	16	static
../Componets/ISO SPI/Src/LTC68xx_API.c:323:8:stat_data_read	16	static
../Componets/ISO SPI/Src/LTC68xx_API.c:338:8:adc_test_data_read	16	static
../Componets/ISO SPI/Src/LTC68xx_API.c:358:8:adc_overlap_data_read	16	static
../Componets/ISO SPI/Src/LTC68xx_API.c:369:8:digital_redundancy_check	8	static
../Componets/ISO SPI/Src/LTC68xx_API.c:383:10:crc_error_read	16	static
../Componets/ISO SPI/Src/LTC68xx_API.c:396:6:open_wire_check	8	static
../Componets/ISO SPI/Src/LTC68xx_API.c:405:6:open_wire_gpio_check	8	static
../Componets/ISO SPI/Src/LTC68xx_API.c:428:8:config_data_read	16	static
../Componets/ISO SPI/Src/LTC68xx_API.c:440:6:pwm_reg_read	8	static
../Componets/ISO SPI/Src/LTC68xx_API.c:452:8:s_control_reg_read	16	static
../Componets/ISO SPI/Src/LTC68xx_API.c:467:6:cell_balance_LTC	16	static
../Componets/ISO SPI/Src/LTC68xx_API.c:533:6:analyze_cell_data	16	static
