../Componets/ISO SPI/Src/LTC68xx_API.c:112:7:cs_low	16	static
../Componets/ISO SPI/Src/LTC68xx_API.c:131:7:cs_high	16	static
../Componets/ISO SPI/Src/LTC68xx_API.c:164:7:delay_time_us	24	static,ignoring_inline_asm
../Componets/ISO SPI/Src/LTC68xx_API.c:174:7:delay_u	24	static,ignoring_inline_asm
../Componets/ISO SPI/Src/LTC68xx_API.c:186:10:spi_write_reg_analog	32	static
../Componets/ISO SPI/Src/LTC68xx_API.c:200:7:spi_write_array	24	static
../Componets/ISO SPI/Src/LTC68xx_API.c:222:7:spi_write_read	24	static
../Componets/ISO SPI/Src/LTC68xx_API.c:248:10:spi_read_byte	32	static
../Componets/ISO SPI/Src/LTC68xx_API.c:263:7:temparature_data_read	24	static
../Componets/ISO SPI/Src/LTC68xx_API.c:303:14:tempDataTableRead	24	static
../Componets/ISO SPI/Src/LTC68xx_API.c:323:7:cell_voltage_read	16	static
../Componets/ISO SPI/Src/LTC68xx_API.c:346:10:aux_data_read	16	static
../Componets/ISO SPI/Src/LTC68xx_API.c:370:9:stat_data_read	16	static
../Componets/ISO SPI/Src/LTC68xx_API.c:385:9:adc_test_data_read	16	static
../Componets/ISO SPI/Src/LTC68xx_API.c:405:9:adc_overlap_data_read	16	static
../Componets/ISO SPI/Src/LTC68xx_API.c:416:9:digital_redundancy_check	8	static
../Componets/ISO SPI/Src/LTC68xx_API.c:430:11:crc_error_read	16	static
../Componets/ISO SPI/Src/LTC68xx_API.c:443:7:open_wire_check	8	static
../Componets/ISO SPI/Src/LTC68xx_API.c:452:7:open_wire_gpio_check	8	static
../Componets/ISO SPI/Src/LTC68xx_API.c:475:9:config_data_read	16	static
../Componets/ISO SPI/Src/LTC68xx_API.c:487:7:pwm_reg_read	8	static
../Componets/ISO SPI/Src/LTC68xx_API.c:499:9:s_control_reg_read	16	static
../Componets/ISO SPI/Src/LTC68xx_API.c:514:7:cell_balance_LTC	16	static
../Componets/ISO SPI/Src/LTC68xx_API.c:580:7:analyze_cell_data	16	static
