../Componets/ISO SPI/Src/LTC68xx_API.c:110:6:cs_low	8	static
../Componets/ISO SPI/Src/LTC68xx_API.c:129:6:cs_high	8	static
../Componets/ISO SPI/Src/LTC68xx_API.c:156:6:delay_time_us	24	static,ignoring_inline_asm
../Componets/ISO SPI/Src/LTC68xx_API.c:171:9:spi_write_reg_analog	32	static
../Componets/ISO SPI/Src/LTC68xx_API.c:184:6:spi_write_array	24	static
../Componets/ISO SPI/Src/LTC68xx_API.c:206:6:spi_write_read	24	static
../Componets/ISO SPI/Src/LTC68xx_API.c:232:9:spi_read_byte	32	static
../Componets/ISO SPI/Src/LTC68xx_API.c:247:6:temparature_data_read	32	static
../Componets/ISO SPI/Src/LTC68xx_API.c:287:13:tempDataTableRead	24	static
../Componets/ISO SPI/Src/LTC68xx_API.c:307:8:cell_voltage_read	16	static
../Componets/ISO SPI/Src/LTC68xx_API.c:331:9:aux_data_read	16	static
../Componets/ISO SPI/Src/LTC68xx_API.c:355:8:stat_data_read	16	static
../Componets/ISO SPI/Src/LTC68xx_API.c:370:8:adc_test_data_read	16	static
../Componets/ISO SPI/Src/LTC68xx_API.c:390:8:adc_overlap_data_read	16	static
../Componets/ISO SPI/Src/LTC68xx_API.c:401:8:digital_redundancy_check	8	static
../Componets/ISO SPI/Src/LTC68xx_API.c:415:10:crc_error_read	16	static
../Componets/ISO SPI/Src/LTC68xx_API.c:428:6:open_wire_check	8	static
../Componets/ISO SPI/Src/LTC68xx_API.c:437:6:open_wire_gpio_check	8	static
../Componets/ISO SPI/Src/LTC68xx_API.c:460:8:config_data_read	16	static
../Componets/ISO SPI/Src/LTC68xx_API.c:472:6:pwm_reg_read	8	static
../Componets/ISO SPI/Src/LTC68xx_API.c:484:8:s_control_reg_read	16	static
../Componets/ISO SPI/Src/LTC68xx_API.c:499:6:cell_balance_LTC	16	static
../Componets/ISO SPI/Src/LTC68xx_API.c:565:6:analyze_cell_data	16	static
