../Componets/ISO SPI/Src/LTC681x.c:78:6:wakeup_idle	24	static
../Componets/ISO SPI/Src/LTC681x.c:96:6:wakeup_sleep	24	static
../Componets/ISO SPI/Src/LTC681x.c:116:6:cmd_68	24	static
../Componets/ISO SPI/Src/LTC681x.c:139:6:write_68	40	static
../Componets/ISO SPI/Src/LTC681x.c:189:8:read_68	296	static
../Componets/ISO SPI/Src/LTC681x.c:241:10:pec15_calc	24	static
../Componets/ISO SPI/Src/LTC681x.c:258:6:LTC681x_wrcfg	280	static
../Componets/ISO SPI/Src/LTC681x.c:290:6:LTC681x_wrcfgb	280	static
../Componets/ISO SPI/Src/LTC681x.c:322:8:LTC681x_rdcfg	288	static
../Componets/ISO SPI/Src/LTC681x.c:370:8:LTC681x_rdcfgb	288	static
../Componets/ISO SPI/Src/LTC681x.c:418:6:LTC681x_adcv	24	static
../Componets/ISO SPI/Src/LTC681x.c:435:6:LTC681x_adax	24	static
../Componets/ISO SPI/Src/LTC681x.c:451:6:LTC681x_adstat	24	static
../Componets/ISO SPI/Src/LTC681x.c:467:6:LTC681x_adcvsc	24	static
../Componets/ISO SPI/Src/LTC681x.c:483:6:LTC681x_adcvax	24	static
../Componets/ISO SPI/Src/LTC681x.c:504:9:LTC681x_rdcv	48	static
../Componets/ISO SPI/Src/LTC681x.c:569:8:LTC681x_rdaux	48	static
../Componets/ISO SPI/Src/LTC681x.c:633:8:LTC681x_rdstat	40	static
../Componets/ISO SPI/Src/LTC681x.c:779:6:LTC681x_rdcv_reg	24	static
../Componets/ISO SPI/Src/LTC681x.c:833:6:LTC681x_rdaux_reg	24	static
../Componets/ISO SPI/Src/LTC681x.c:882:6:LTC681x_rdstat_reg	24	static
../Componets/ISO SPI/Src/LTC681x.c:918:8:parse_cells	40	static
../Componets/ISO SPI/Src/LTC681x.c:965:9:LTC681x_pladc	16	static
../Componets/ISO SPI/Src/LTC681x.c:986:10:LTC681x_pollAdc	24	static
../Componets/ISO SPI/Src/LTC681x.c:1025:6:LTC681x_clrcell	16	static
../Componets/ISO SPI/Src/LTC681x.c:1036:6:LTC681x_clraux	16	static
../Componets/ISO SPI/Src/LTC681x.c:1048:6:LTC681x_clrstat	16	static
../Componets/ISO SPI/Src/LTC681x.c:1055:6:LTC681x_diagn	16	static
../Componets/ISO SPI/Src/LTC681x.c:1062:6:LTC681x_cvst	24	static
../Componets/ISO SPI/Src/LTC681x.c:1078:6:LTC681x_axst	24	static
../Componets/ISO SPI/Src/LTC681x.c:1094:6:LTC681x_statst	24	static
../Componets/ISO SPI/Src/LTC681x.c:1110:6:LTC681x_adol	24	static
../Componets/ISO SPI/Src/LTC681x.c:1126:6:LTC681x_adaxd	24	static
../Componets/ISO SPI/Src/LTC681x.c:1142:6:LTC681x_adstatd	24	static
../Componets/ISO SPI/Src/LTC681x.c:1158:9:LTC681x_run_cell_adc_st	40	static
../Componets/ISO SPI/Src/LTC681x.c:1251:10:LTC681x_run_adc_overlap	32	static
../Componets/ISO SPI/Src/LTC681x.c:1283:9:LTC681x_run_adc_redundancy_st	40	static
../Componets/ISO SPI/Src/LTC681x.c:1358:10:LTC681x_st_lookup	24	static
../Componets/ISO SPI/Src/LTC681x.c:1405:6:LTC681x_adow	32	static
../Componets/ISO SPI/Src/LTC681x.c:1423:6:LTC681x_axow	24	static
../Componets/ISO SPI/Src/LTC681x.c:1439:8:LTC681x_run_openwire_single	256	dynamic
../Componets/ISO SPI/Src/LTC681x.c:1533:8:LTC681x_run_openwire_multi	56	static
../Componets/ISO SPI/Src/LTC681x.c:1727:9:LTC681x_run_gpio_openwire	256	dynamic
../Componets/ISO SPI/Src/LTC681x.c:1821:6:LTC681x_clear_discharge	24	static
../Componets/ISO SPI/Src/LTC681x.c:1836:6:LTC681x_wrpwm	280	static
../Componets/ISO SPI/Src/LTC681x.c:1878:8:LTC681x_rdpwm	296	static
../Componets/ISO SPI/Src/LTC681x.c:1934:6:LTC681x_wrsctrl	280	static
../Componets/ISO SPI/Src/LTC681x.c:1976:8:LTC681x_rdsctrl	296	static
../Componets/ISO SPI/Src/LTC681x.c:2037:6:LTC681x_stsctrl	16	static
../Componets/ISO SPI/Src/LTC681x.c:2058:6:LTC681x_clrsctrl	16	static
../Componets/ISO SPI/Src/LTC681x.c:2065:6:LTC681x_wrcomm	280	static
../Componets/ISO SPI/Src/LTC681x.c:2095:8:LTC681x_rdcomm	288	static
../Componets/ISO SPI/Src/LTC681x.c:2140:6:LTC681x_stcomm	32	static
../Componets/ISO SPI/Src/LTC681x.c:2162:6:LTC681x_check_pec	24	static
../Componets/ISO SPI/Src/LTC681x.c:2244:6:LTC681x_reset_crc_count	24	static
../Componets/ISO SPI/Src/LTC681x.c:2269:6:LTC681x_init_cfg	24	static
../Componets/ISO SPI/Src/LTC681x.c:2285:6:LTC681x_set_cfgr	16	static
../Componets/ISO SPI/Src/LTC681x.c:2306:6:LTC681x_set_cfgr_refon	16	static
../Componets/ISO SPI/Src/LTC681x.c:2315:6:LTC681x_set_cfgr_adcopt	16	static
../Componets/ISO SPI/Src/LTC681x.c:2324:6:LTC681x_set_cfgr_gpio	32	static
../Componets/ISO SPI/Src/LTC681x.c:2339:6:LTC681x_set_cfgr_dis	32	static
../Componets/ISO SPI/Src/LTC681x.c:2361:6:LTC681x_set_cfgr_dcto	32	static
../Componets/ISO SPI/Src/LTC681x.c:2376:6:LTC681x_set_cfgr_uv	24	static
../Componets/ISO SPI/Src/LTC681x.c:2386:6:LTC681x_set_cfgr_ov	24	static
