../Componets/ISO SPI/Src/LTC6811.c:67:6:LTC6811_init_reg_limits	24	static
../Componets/ISO SPI/Src/LTC6811.c:87:6:LTC6811_wrcfg	16	static
../Componets/ISO SPI/Src/LTC6811.c:95:8:LTC6811_rdcfg	24	static
../Componets/ISO SPI/Src/LTC6811.c:105:6:LTC6811_adcv	16	static
../Componets/ISO SPI/Src/LTC6811.c:114:6:LTC6811_adax	16	static
../Componets/ISO SPI/Src/LTC6811.c:122:6:LTC6811_adstat	16	static
../Componets/ISO SPI/Src/LTC6811.c:130:6:LTC6811_adcvax	16	static
../Componets/ISO SPI/Src/LTC6811.c:138:6:LTC6811_adcvsc	16	static
../Componets/ISO SPI/Src/LTC6811.c:150:9:LTC6811_rdcv	24	static
../Componets/ISO SPI/Src/LTC6811.c:165:8:LTC6811_rdaux	24	static
../Componets/ISO SPI/Src/LTC6811.c:181:8:LTC6811_rdstat	24	static
../Componets/ISO SPI/Src/LTC6811.c:192:9:LTC6811_pladc	8	static
../Componets/ISO SPI/Src/LTC6811.c:198:10:LTC6811_pollAdc	8	static
../Componets/ISO SPI/Src/LTC6811.c:207:6:LTC6811_clrcell	8	static
../Componets/ISO SPI/Src/LTC6811.c:216:6:LTC6811_clraux	8	static
../Componets/ISO SPI/Src/LTC6811.c:225:6:LTC6811_clrstat	8	static
../Componets/ISO SPI/Src/LTC6811.c:231:6:LTC6811_diagn	8	static
../Componets/ISO SPI/Src/LTC6811.c:237:6:LTC6811_cvst	16	static
../Componets/ISO SPI/Src/LTC6811.c:245:6:LTC6811_axst	16	static
../Componets/ISO SPI/Src/LTC6811.c:253:6:LTC6811_statst	16	static
../Componets/ISO SPI/Src/LTC6811.c:261:6:LTC6811_adol	16	static
../Componets/ISO SPI/Src/LTC6811.c:269:6:LTC6811_adaxd	16	static
../Componets/ISO SPI/Src/LTC6811.c:277:6:LTC6811_adstatd	16	static
../Componets/ISO SPI/Src/LTC6811.c:285:9:LTC6811_run_cell_adc_st	32	static
../Componets/ISO SPI/Src/LTC6811.c:298:10:LTC6811_run_adc_overlap	24	static
../Componets/ISO SPI/Src/LTC6811.c:308:9:LTC6811_run_adc_redundancy_st	24	static
../Componets/ISO SPI/Src/LTC6811.c:320:6:LTC6811_adow	24	static
../Componets/ISO SPI/Src/LTC6811.c:330:6:LTC6811_run_openwire_single	16	static
../Componets/ISO SPI/Src/LTC6811.c:338:6:LTC6811_run_openwire_multi	16	static
../Componets/ISO SPI/Src/LTC6811.c:346:6:LTC6811_set_discharge	32	static
../Componets/ISO SPI/Src/LTC6811.c:369:6:LTC6811_clear_discharge	16	static
../Componets/ISO SPI/Src/LTC6811.c:375:6:LTC6811_wrpwm	16	static
../Componets/ISO SPI/Src/LTC6811.c:385:8:LTC6811_rdpwm	24	static
../Componets/ISO SPI/Src/LTC6811.c:396:6:LTC6811_wrsctrl	16	static
../Componets/ISO SPI/Src/LTC6811.c:405:8:LTC6811_rdsctrl	24	static
../Componets/ISO SPI/Src/LTC6811.c:419:6:LTC6811_stsctrl	8	static
../Componets/ISO SPI/Src/LTC6811.c:429:6:LTC6811_clrsctrl	8	static
../Componets/ISO SPI/Src/LTC6811.c:435:6:LTC6811_wrcomm	16	static
../Componets/ISO SPI/Src/LTC6811.c:443:8:LTC6811_rdcomm	24	static
../Componets/ISO SPI/Src/LTC6811.c:453:6:LTC6811_stcomm	16	static
../Componets/ISO SPI/Src/LTC6811.c:459:6:LTC6811_check_pec	16	static
../Componets/ISO SPI/Src/LTC6811.c:468:6:LTC6811_reset_crc_count	16	static
../Componets/ISO SPI/Src/LTC6811.c:476:6:LTC6811_init_cfg	16	static
../Componets/ISO SPI/Src/LTC6811.c:484:6:LTC6811_set_cfgr	40	static
../Componets/ISO SPI/Src/LTC6811.c:499:6:LTC6811_set_cfgr_refon	16	static
../Componets/ISO SPI/Src/LTC6811.c:505:6:LTC6811_set_cfgr_adcopt	16	static
../Componets/ISO SPI/Src/LTC6811.c:511:6:LTC6811_set_cfgr_gpio	24	static
../Componets/ISO SPI/Src/LTC6811.c:517:6:LTC6811_set_cfgr_dis	24	static
../Componets/ISO SPI/Src/LTC6811.c:524:6:LTC6811_set_cfgr_dcto	24	static
../Componets/ISO SPI/Src/LTC6811.c:530:6:LTC6811_set_cfgr_uv	16	static
../Componets/ISO SPI/Src/LTC6811.c:536:6:LTC6811_set_cfgr_ov	16	static
