../Componets/ISO SPI/Src/QuikEval_EEPROM.c:79:9:read_quikeval_id_string	72	static
../Componets/ISO SPI/Src/QuikEval_EEPROM.c:150:8:discover_demo_board	80	static
../Componets/ISO SPI/Src/QuikEval_EEPROM.c:193:8:eeprom_poll	24	static
../Componets/ISO SPI/Src/QuikEval_EEPROM.c:219:8:eeprom_write_poll	16	static
../Componets/ISO SPI/Src/QuikEval_EEPROM.c:227:9:eeprom_write_byte	24	static
../Componets/ISO SPI/Src/QuikEval_EEPROM.c:247:9:eeprom_write_byte_array	24	static
../Componets/ISO SPI/Src/QuikEval_EEPROM.c:259:9:eeprom_write_buffer	24	static
../Componets/ISO SPI/Src/QuikEval_EEPROM.c:295:9:eeprom_read_byte	24	static
../Componets/ISO SPI/Src/QuikEval_EEPROM.c:317:9:eeprom_read_byte_array	24	static
../Componets/ISO SPI/Src/QuikEval_EEPROM.c:330:9:eeprom_read_buffer	24	static
../Componets/ISO SPI/Src/QuikEval_EEPROM.c:360:9:eeprom_read_buffer_with_terminator	24	static
../Componets/ISO SPI/Src/QuikEval_EEPROM.c:390:9:eeprom_write_int16	24	static
../Componets/ISO SPI/Src/QuikEval_EEPROM.c:408:9:eeprom_read_int16	24	static
../Componets/ISO SPI/Src/QuikEval_EEPROM.c:425:9:eeprom_write_float	24	static
../Componets/ISO SPI/Src/QuikEval_EEPROM.c:448:9:eeprom_read_float	24	static
../Componets/ISO SPI/Src/QuikEval_EEPROM.c:468:9:eeprom_write_int32	24	static
../Componets/ISO SPI/Src/QuikEval_EEPROM.c:491:9:eeprom_read_int32	24	static
../Componets/ISO SPI/Src/QuikEval_EEPROM.c:509:9:enable_calibration	8	static
../Componets/ISO SPI/Src/QuikEval_EEPROM.c:515:9:disable_calibration	8	static
