../Componets/ISO SPI/Src/UserInterface.c:98:6:stm32_print	16	static
../Componets/ISO SPI/Src/UserInterface.c:105:6:stm32_println	16	static
../Componets/ISO SPI/Src/UserInterface.c:113:6:stm32_print_int	48	static
../Componets/ISO SPI/Src/UserInterface.c:120:6:stm32_println_int	48	static
../Componets/ISO SPI/Src/UserInterface.c:127:6:stm32_print_float	56	static
../Componets/ISO SPI/Src/UserInterface.c:134:6:stm32_print_hex	24	static
../Componets/ISO SPI/Src/UserInterface.c:141:6:delay	16	static
../Componets/ISO SPI/Src/UserInterface.c:147:6:run_command	88	static
../Componets/ISO SPI/Src/UserInterface.c:586:6:measurement_loop	24	static
../Componets/ISO SPI/Src/UserInterface.c:671:6:print_menu	8	static
../Componets/ISO SPI/Src/UserInterface.c:691:6:print_wrconfig	24	static
../Componets/ISO SPI/Src/UserInterface.c:714:6:print_rxconfig	16	static
../Componets/ISO SPI/Src/UserInterface.c:735:6:print_cells	32	static
../Componets/ISO SPI/Src/UserInterface.c:768:6:print_aux	32	static
../Componets/ISO SPI/Src/UserInterface.c:810:6:print_stat	24	static
../Componets/ISO SPI/Src/UserInterface.c:849:6:print_sumofcells	16	static
../Componets/ISO SPI/Src/UserInterface.c:864:6:check_mux_fail	16	static
../Componets/ISO SPI/Src/UserInterface.c:879:6:print_selftest_errors	16	static
../Componets/ISO SPI/Src/UserInterface.c:898:6:print_overlap_results	16	static
../Componets/ISO SPI/Src/UserInterface.c:905:6:print_digital_redundancy_errors	16	static
../Componets/ISO SPI/Src/UserInterface.c:921:6:print_open_wires	16	static
../Componets/ISO SPI/Src/UserInterface.c:942:6:print_pec_error_count	16	static
../Componets/ISO SPI/Src/UserInterface.c:955:8:select_s_pin	16	static
../Componets/ISO SPI/Src/UserInterface.c:984:6:print_wrpwm	24	static
../Componets/ISO SPI/Src/UserInterface.c:1007:6:print_rxpwm	16	static
../Componets/ISO SPI/Src/UserInterface.c:1028:6:print_wrsctrl	24	static
../Componets/ISO SPI/Src/UserInterface.c:1053:6:print_rxsctrl	16	static
../Componets/ISO SPI/Src/UserInterface.c:1076:6:print_wrcomm	24	static
../Componets/ISO SPI/Src/UserInterface.c:1100:6:print_rxcomm	16	static
../Componets/ISO SPI/Src/UserInterface.c:1122:6:print_conv_time	24	static
../Componets/ISO SPI/Src/UserInterface.c:1131:6:check_error	16	static
../Componets/ISO SPI/Src/UserInterface.c:1140:6:serial_print_text	16	static
../Componets/ISO SPI/Src/UserInterface.c:1145:6:serial_print_hex	16	static
../Componets/ISO SPI/Src/UserInterface.c:1157:6:read_hex	16	static
../Componets/ISO SPI/Src/UserInterface.c:1168:6:get_char	16	static
