../Componets/Digital Pot/Src/Temp_controller.c:34:6:intToBinary	24	static
../Componets/Digital Pot/Src/Temp_controller.c:40:6:assignBytes	24	static
../Componets/Digital Pot/Src/Temp_controller.c:52:6:arrayComparison	24	static
../Componets/Digital Pot/Src/Temp_controller.c:64:6:cell12_Temp_01_Set	96	static
../Componets/Digital Pot/Src/Temp_controller.c:95:6:cell12_Temp_02_Set	96	static
../Componets/Digital Pot/Src/Temp_controller.c:126:6:cell12_Temp_03_Set	96	static
../Componets/Digital Pot/Src/Temp_controller.c:157:6:cell11_Temp_01_Set	96	static
../Componets/Digital Pot/Src/Temp_controller.c:188:6:cell11_Temp_02_Set	96	static
../Componets/Digital Pot/Src/Temp_controller.c:219:6:cell11_Temp_03_Set	96	static
../Componets/Digital Pot/Src/Temp_controller.c:251:6:cell12_Temp_01_startup	88	static
../Componets/Digital Pot/Src/Temp_controller.c:286:6:cell12_Temp_02_startup	88	static
../Componets/Digital Pot/Src/Temp_controller.c:320:6:cell12_Temp_03_startup	88	static
../Componets/Digital Pot/Src/Temp_controller.c:355:6:cell11_Temp_01_startup	88	static
../Componets/Digital Pot/Src/Temp_controller.c:389:6:cell11_Temp_02_startup	88	static
../Componets/Digital Pot/Src/Temp_controller.c:426:6:cell11_Temp_03_startup	88	static
../Componets/Digital Pot/Src/Temp_controller.c:462:6:Set_Resistance	16	static
../Componets/Digital Pot/Src/Temp_controller.c:502:7:ntc_resistance	24	static
