../Componets/Digital Pot/Src/Temp_controller.c:82:6:TempCard_Set_Resistance	24	static
../Componets/Digital Pot/Src/Temp_controller.c:136:7:Get_TempCard_TempC	40	static
../Componets/Digital Pot/Src/Temp_controller.c:175:6:cell12_Temp_01_Set	32	static
../Componets/Digital Pot/Src/Temp_controller.c:220:6:cell12_Temp_02_Set	32	static
../Componets/Digital Pot/Src/Temp_controller.c:265:6:cell12_Temp_03_Set	32	static
../Componets/Digital Pot/Src/Temp_controller.c:310:6:cell11_Temp_01_Set	32	static
../Componets/Digital Pot/Src/Temp_controller.c:355:6:cell11_Temp_02_Set	32	static
../Componets/Digital Pot/Src/Temp_controller.c:400:6:cell11_Temp_03_Set	32	static
../Componets/Digital Pot/Src/Temp_controller.c:477:6:cell12_Temp_01_startup	24	static
../Componets/Digital Pot/Src/Temp_controller.c:530:6:cell12_Temp_02_startup	24	static
../Componets/Digital Pot/Src/Temp_controller.c:563:6:cell12_Temp_03_startup	88	static
../Componets/Digital Pot/Src/Temp_controller.c:598:6:cell11_Temp_01_startup	88	static
../Componets/Digital Pot/Src/Temp_controller.c:632:6:cell11_Temp_02_startup	88	static
../Componets/Digital Pot/Src/Temp_controller.c:669:6:cell11_Temp_03_startup	88	static
../Componets/Digital Pot/Src/Temp_controller.c:705:6:Set_Resistance	16	static
../Componets/Digital Pot/Src/Temp_controller.c:740:7:ntc_resistance	24	static
../Componets/Digital Pot/Src/Temp_controller.c:751:7:convert_resistance_to_temp_c	24	static
