../Componets/Digital Pot/Src/Temp_controller.c:84:6:TempCard_Set_Resistance	24	static
../Componets/Digital Pot/Src/Temp_controller.c:119:7:Get_TempCard_TempC	32	static
../Componets/Digital Pot/Src/Temp_controller.c:156:6:cell12_Temp_01_Set	32	static
../Componets/Digital Pot/Src/Temp_controller.c:201:6:cell12_Temp_02_Set	32	static
../Componets/Digital Pot/Src/Temp_controller.c:246:6:cell12_Temp_03_Set	32	static
../Componets/Digital Pot/Src/Temp_controller.c:291:6:cell11_Temp_01_Set	32	static
../Componets/Digital Pot/Src/Temp_controller.c:336:6:cell11_Temp_02_Set	32	static
../Componets/Digital Pot/Src/Temp_controller.c:381:6:cell11_Temp_03_Set	32	static
../Componets/Digital Pot/Src/Temp_controller.c:458:6:cell12_Temp_01_startup	24	static
../Componets/Digital Pot/Src/Temp_controller.c:511:6:cell12_Temp_02_startup	24	static
../Componets/Digital Pot/Src/Temp_controller.c:544:6:cell12_Temp_03_startup	88	static
../Componets/Digital Pot/Src/Temp_controller.c:579:6:cell11_Temp_01_startup	88	static
../Componets/Digital Pot/Src/Temp_controller.c:613:6:cell11_Temp_02_startup	88	static
../Componets/Digital Pot/Src/Temp_controller.c:650:6:cell11_Temp_03_startup	88	static
../Componets/Digital Pot/Src/Temp_controller.c:686:6:Set_Resistance	16	static
../Componets/Digital Pot/Src/Temp_controller.c:721:7:ntc_resistance	24	static
../Componets/Digital Pot/Src/Temp_controller.c:732:7:convert_resistance_to_temp_c	24	static
