../Componets/Display/Src/display.c:60:16:u8x8_stm32_gpio_and_delay	24	static
../Componets/Display/Src/display.c:102:16:u8x8_byte_4wire_hw_spi	32	static
../Componets/Display/Src/display.c:141:6:Display_Init	8	static
../Componets/Display/Src/display.c:160:6:Display_MainTitlePage	16	static
../Componets/Display/Src/display.c:198:6:Display_MainTitlePage_1	16	static
../Componets/Display/Src/display.c:227:6:Display_Address	32	static
../Componets/Display/Src/display.c:248:6:Display_Reading	8	static
../Componets/Display/Src/display.c:275:6:display_lcd	16	static
../Componets/Display/Src/display.c:283:6:UpdateChannel	96	static
../Componets/Display/Src/display.c:298:6:UpdateDisplayArea	40	static
../Componets/Display/Src/display.c:340:6:Test_UpdateDisplayArea	32	static
