../Componets/Display/Src/display.c:61:14:TempCard_GetDisplayC	16	static
../Componets/Display/Src/display.c:140:16:u8x8_stm32_gpio_and_delay	24	static
../Componets/Display/Src/display.c:164:16:u8x8_byte_4wire_hw_spi	32	static
../Componets/Display/Src/display.c:193:6:Display_Init	16	static
../Componets/Display/Src/display.c:213:6:Display_MainTitlePage	16	static
../Componets/Display/Src/display.c:239:6:Display_Update	16	static
../Componets/Display/Src/display.c:364:6:Display_MainMenu	88	static
../Componets/Display/Src/display.c:491:6:Display_Screensaver	56	static
../Componets/Display/Src/display.c:554:6:Display_LiveDataMenu	16	static
../Componets/Display/Src/display.c:568:6:Display_CellMonitor	16	static
../Componets/Display/Src/display.c:593:6:Display_CellMonitorCSU	160	static
../Componets/Display/Src/display.c:704:6:Display_CellMonitorCard	120	static
../Componets/Display/Src/display.c:809:6:Display_CellMonitorDaisyCSU	152	static
../Componets/Display/Src/display.c:942:6:Display_SetDaisyChain	4	static
../Componets/Display/Src/display.c:950:6:Display_PackOverview	88	static
../Componets/Display/Src/display.c:1027:6:Display_TemperatureScreen	16	static
../Componets/Display/Src/display.c:1049:6:Display_CellTemperatureScreen	152	static
../Componets/Display/Src/display.c:1160:6:Display_CardTemperatureScreen	112	static
../Componets/Display/Src/display.c:1226:6:Display_SystemTemperatureScreen	136	static
../Componets/Display/Src/display.c:1357:6:Display_ControlMenu	16	static
../Componets/Display/Src/display.c:1371:6:Display_TestMenu	16	static
../Componets/Display/Src/display.c:1385:6:Display_SettingsMenu	16	static
../Componets/Display/Src/display.c:1400:6:Display_AboutScreen	8	static
../Componets/Display/Src/display.c:1417:6:Display_CurrentVoltageScreen	32	static
../Componets/Display/Src/display.c:1442:6:Display_CellBalanceMenu	8	static
../Componets/Display/Src/display.c:1455:6:Display_VoltageSetMenu	128	static
../Componets/Display/Src/display.c:1517:6:Display_VoltageSetAdjust	144	static
../Componets/Display/Src/display.c:1576:6:Display_TempSetMenu	128	static
../Componets/Display/Src/display.c:1636:6:Display_TempSetAdjust	144	static
../Componets/Display/Src/display.c:1694:6:Display_AutoSequence	16	static
../Componets/Display/Src/display.c:1715:6:Display_SystemInfo	8	static
../Componets/Display/Src/display.c:1731:6:Display_DrawHeader	24	static
../Componets/Display/Src/display.c:1738:6:Display_DrawMenuItem	32	static
../Componets/Display/Src/display.c:1754:6:Display_DrawValue	56	static
../Componets/Display/Src/display.c:1762:6:Display_FormatVoltage	16	static
../Componets/Display/Src/display.c:1767:6:Display_FormatCurrent	16	static
../Componets/Display/Src/display.c:1772:6:Display_FormatTemperature	16	static
../Componets/Display/Src/display.c:1777:6:Display_SetScreen	16	static
../Componets/Display/Src/display.c:1810:6:Display_WakeUp	8	static
../Componets/Display/Src/display.c:1828:6:Display_UpdateBMSData	32	static
../Componets/Display/Src/display.c:1960:6:Update_PackMetrics	32	static
../Componets/Display/Src/display.c:1986:13:Display_GetBMSData	4	static
../Componets/Display/Src/display.c:1991:18:Display_GetState	4	static
../Componets/Display/Src/display.c:1996:6:Display_DrawProgressBar	48	static
../Componets/Display/Src/display.c:2014:6:Display_UpdateBlink	16	static
../Componets/Display/Src/display.c:2033:6:Display_ResetBlink	16	static
