../Componets/Display/Src/getDisplay.c:174:6:Display_HandleButtons	8	static
../Componets/Display/Src/getDisplay.c:206:6:Display_NavigateUp	16	static
../Componets/Display/Src/getDisplay.c:265:6:Display_NavigateDown	24	static
../Componets/Display/Src/getDisplay.c:326:6:Display_NavigateEnter	16	static
../Componets/Display/Src/getDisplay.c:412:6:Display_NavigateBack	16	static
../Componets/Display/Src/getDisplay.c:499:6:Display_HandleMainMenuNavigation	24	static
../Componets/Display/Src/getDisplay.c:527:6:Display_HandleLiveDataNavigation	24	static
../Componets/Display/Src/getDisplay.c:552:6:Display_HandleTemperatureNavigation	24	static
../Componets/Display/Src/getDisplay.c:575:6:Display_HandleCellNavigation	24	static
../Componets/Display/Src/getDisplay.c:617:6:Display_HandleControlMenuNavigation	24	static
../Componets/Display/Src/getDisplay.c:644:6:Display_HandleSetVoltageNavigation	24	static
../Componets/Display/Src/getDisplay.c:671:6:Display_HandleSetTempNavigation	24	static
../Componets/Display/Src/getDisplay.c:694:6:Display_HandleTestMenuNavigation	24	static
../Componets/Display/Src/getDisplay.c:719:6:Display_HandleSettingsNavigation	24	static
../Componets/Display/Src/getDisplay.c:763:6:Display_AdjustTemperature	24	static
../Componets/Display/Src/getDisplay.c:791:6:Display_AdjustCell	24	static
../Componets/Display/Src/getDisplay.c:844:6:Display_AdjustVoltage	24	static
../Componets/Display/Src/getDisplay.c:879:6:Display_AdjustTempCard	24	static
../Componets/Display/Src/getDisplay.c:900:6:Display_ExecuteCellBalance	16	static
../Componets/Display/Src/getDisplay.c:916:6:Display_ExecuteVoltageSet	16	static
../Componets/Display/Src/getDisplay.c:931:6:Display_ToggleCell	24	static
../Componets/Display/Src/getDisplay.c:944:6:Display_ExecuteTemperatureSet	16	static
../Componets/Display/Src/getDisplay.c:954:6:Display_ExecuteTestSequence	16	static
../Componets/Display/Src/getDisplay.c:972:9:Display_GetMenuItemCount	16	static
../Componets/Display/Src/getDisplay.c:995:6:Display_ResetScreenSaver	16	static
../Componets/Display/Src/getDisplay.c:1001:6:Display_ShowConfirmation	32	static
../Componets/Display/Src/getDisplay.c:1019:6:Display_ShowError	32	static
../Componets/Display/Src/getDisplay.c:1035:16:Display_GetButtonInfo	16	static
