../Componets/Button & LED/Src/button_led.c:86:6:LED_Init	24	static
../Componets/Button & LED/Src/button_led.c:114:6:LED_Set	16	static
../Componets/Button & LED/Src/button_led.c:121:6:LED_Toggle	16	static
../Componets/Button & LED/Src/button_led.c:127:6:LED_RS485	16	static
../Componets/Button & LED/Src/button_led.c:133:6:LED_ToggleRS485	16	static
../Componets/Button & LED/Src/button_led.c:139:6:LED_Temp	16	static
../Componets/Button & LED/Src/button_led.c:145:6:LED_ToggleTemp	16	static
../Componets/Button & LED/Src/button_led.c:151:6:LED_Cell	24	static
../Componets/Button & LED/Src/button_led.c:165:6:LED_ToggleCell	24	static
../Componets/Button & LED/Src/button_led.c:180:6:LED_SetAll	32	static
../Componets/Button & LED/Src/button_led.c:203:6:LED_ToggleAll	16	static
../Componets/Button & LED/Src/button_led.c:209:6:LED_Test_All	24	static
../Componets/Button & LED/Src/button_led.c:246:9:DIP_GetMode	8	static
../Componets/Button & LED/Src/button_led.c:259:9:DIP_GetID	8	static
../Componets/Button & LED/Src/button_led.c:286:6:Push_ButtonHandler	16	static
