../Componets/Button & LED/Src/button_led.c:80:6:LED_Init	24	static
../Componets/Button & LED/Src/button_led.c:108:6:LED_Set	16	static
../Componets/Button & LED/Src/button_led.c:115:6:LED_Toggle	16	static
../Componets/Button & LED/Src/button_led.c:121:6:LED_RS485	16	static
../Componets/Button & LED/Src/button_led.c:127:6:LED_ToggleRS485	16	static
../Componets/Button & LED/Src/button_led.c:133:6:LED_Temp	16	static
../Componets/Button & LED/Src/button_led.c:139:6:LED_ToggleTemp	16	static
../Componets/Button & LED/Src/button_led.c:145:6:LED_Cell	24	static
../Componets/Button & LED/Src/button_led.c:159:6:LED_ToggleCell	24	static
../Componets/Button & LED/Src/button_led.c:174:6:LED_SetAll	32	static
../Componets/Button & LED/Src/button_led.c:197:6:LED_ToggleAll	16	static
../Componets/Button & LED/Src/button_led.c:203:6:LED_Test_All	24	static
../Componets/Button & LED/Src/button_led.c:240:9:DIP_GetMode	8	static
../Componets/Button & LED/Src/button_led.c:253:9:DIP_GetID	8	static
../Componets/Button & LED/Src/button_led.c:266:6:Push_ButtonHandler	24	static
