../Componets/Button & LED/Src/button_led.c:74:6:LED_Init	24	static
../Componets/Button & LED/Src/button_led.c:102:6:LED_Set	16	static
../Componets/Button & LED/Src/button_led.c:109:6:LED_Toggle	16	static
../Componets/Button & LED/Src/button_led.c:115:6:LED_RS485	16	static
../Componets/Button & LED/Src/button_led.c:121:6:LED_ToggleRS485	16	static
../Componets/Button & LED/Src/button_led.c:127:6:LED_Temp	16	static
../Componets/Button & LED/Src/button_led.c:133:6:LED_ToggleTemp	16	static
../Componets/Button & LED/Src/button_led.c:139:6:LED_Cell	24	static
../Componets/Button & LED/Src/button_led.c:153:6:LED_ToggleCell	24	static
../Componets/Button & LED/Src/button_led.c:168:6:LED_SetAll	24	static
../Componets/Button & LED/Src/button_led.c:181:6:LED_ToggleAll	16	static
../Componets/Button & LED/Src/button_led.c:187:6:LED_Test_All	24	static
../Componets/Button & LED/Src/button_led.c:224:9:DIP_GetMode	8	static
../Componets/Button & LED/Src/button_led.c:237:9:DIP_GetID	8	static
