../Core/Src/BMS_test_protocol.c:44:6:tester_setup	96	static
../Core/Src/BMS_test_protocol.c:542:6:init_ina229_devices	4	static
../Core/Src/BMS_test_protocol.c:634:22:get_ina_handle	16	static
../Core/Src/BMS_test_protocol.c:638:6:Voltage_Sequence_Automatic	64	static
../Core/Src/BMS_test_protocol.c:665:6:Set_voltage_and_measure	32	static
../Core/Src/BMS_test_protocol.c:722:7:Get_INA_Voltage	32	static
../Core/Src/BMS_test_protocol.c:742:7:Get_INA_Current	32	static
../Core/Src/BMS_test_protocol.c:761:7:Get_INA_Temp	32	static
../Core/Src/BMS_test_protocol.c:780:9:Get_Cell_Temp_Resistance	16	static
../Core/Src/BMS_test_protocol.c:787:6:Set_Balance_State	16	static
../Core/Src/BMS_test_protocol.c:791:6:Open_Wire_Test	16	static
../Core/Src/BMS_test_protocol.c:795:6:Set_Daisy_Chain	16	static
../Core/Src/BMS_test_protocol.c:807:6:Run_Automatic_Sequence	16	static
../Core/Src/BMS_test_protocol.c:813:7:Get_DC_CSU_Voltage	16	static
../Core/Src/BMS_test_protocol.c:817:7:Get_DC_CSU_Temperature	16	static
../Core/Src/BMS_test_protocol.c:821:9:Get_DC_CSU_Balance_Register	16	static
../Core/Src/BMS_test_protocol.c:825:9:Get_DC_CSU_Open_Wire	16	static
../Core/Src/BMS_test_protocol.c:831:7:Get_11_CSU_Voltage	16	static
../Core/Src/BMS_test_protocol.c:835:7:Get_11_CSU_Temperature	16	static
../Core/Src/BMS_test_protocol.c:839:9:Get_11_CSU_Balance_Register	16	static
../Core/Src/BMS_test_protocol.c:843:9:Get_11_CSU_Open_Wire	16	static
../Core/Src/BMS_test_protocol.c:849:7:Get_12_CSU_Voltage	16	static
../Core/Src/BMS_test_protocol.c:853:7:Get_12_CSU_Temperature	16	static
../Core/Src/BMS_test_protocol.c:857:9:Get_12_CSU_Balance_Register	16	static
../Core/Src/BMS_test_protocol.c:861:9:Get_12_CSU_Open_Wire	16	static
../Core/Src/BMS_test_protocol.c:866:6:test_currecnt_senser	8	static
