../Core/Src/BMS_test_protocol.c:409:6:init_ina229_devices	8	static
../Core/Src/BMS_test_protocol.c:530:6:Set_voltage_and_measure	24	static
../Core/Src/BMS_test_protocol.c:505:6:Voltage_Sequence_Automatic	64	static
../Core/Src/BMS_test_protocol.c:579:7:Get_INA_Voltage	16	static
../Core/Src/BMS_test_protocol.c:41:6:tester_setup	64	static
../Core/Src/BMS_test_protocol.c:599:7:Get_INA_Current	16	static
../Core/Src/BMS_test_protocol.c:618:7:Get_INA_Temp	16	static
../Core/Src/BMS_test_protocol.c:637:9:Get_Cell_Temp_Resistance	0	static
../Core/Src/BMS_test_protocol.c:643:7:Get_Cell_Voltage	0	static
../Core/Src/BMS_test_protocol.c:647:7:Get_Cell_Temperature	0	static
../Core/Src/BMS_test_protocol.c:651:7:Get_Cell_Current	0	static
../Core/Src/BMS_test_protocol.c:656:6:Set_Balance_State	0	static
../Core/Src/BMS_test_protocol.c:660:6:Open_Wire_Test	0	static
../Core/Src/BMS_test_protocol.c:664:6:Set_Daisy_Chain	0	static
../Core/Src/BMS_test_protocol.c:668:6:Run_Automatic_Sequence	0	static
../Core/Src/BMS_test_protocol.c:674:7:Get_DC_CSU_Voltage	0	static
../Core/Src/BMS_test_protocol.c:678:7:Get_DC_CSU_Temperature	0	static
../Core/Src/BMS_test_protocol.c:682:9:Get_DC_CSU_Balance_Register	0	static
../Core/Src/BMS_test_protocol.c:686:9:Get_DC_CSU_Open_Wire	0	static
../Core/Src/BMS_test_protocol.c:692:7:Get_11_CSU_Voltage	0	static
../Core/Src/BMS_test_protocol.c:696:7:Get_11_CSU_Temperature	0	static
../Core/Src/BMS_test_protocol.c:700:9:Get_11_CSU_Balance_Register	0	static
../Core/Src/BMS_test_protocol.c:704:9:Get_11_CSU_Open_Wire	0	static
../Core/Src/BMS_test_protocol.c:710:7:Get_12_CSU_Voltage	0	static
../Core/Src/BMS_test_protocol.c:714:7:Get_12_CSU_Temperature	0	static
../Core/Src/BMS_test_protocol.c:718:9:Get_12_CSU_Balance_Register	0	static
../Core/Src/BMS_test_protocol.c:722:9:Get_12_CSU_Open_Wire	0	static
