../Core/Src/BMS_test_protocol.c:56:6:tester_setup	104	static
../Core/Src/BMS_test_protocol.c:594:6:init_ina229_devices	4	static
../Core/Src/BMS_test_protocol.c:698:22:get_ina_handle	16	static
../Core/Src/BMS_test_protocol.c:702:6:Voltage_Sequence_Automatic	64	static
../Core/Src/BMS_test_protocol.c:729:6:Set_voltage_and_measure	32	static
../Core/Src/BMS_test_protocol.c:786:7:Get_INA_Voltage	32	static
../Core/Src/BMS_test_protocol.c:806:7:Get_INA_Current	32	static
../Core/Src/BMS_test_protocol.c:825:7:Get_INA_Temp	32	static
../Core/Src/BMS_test_protocol.c:844:9:Get_Cell_Temp_Resistance	16	static
../Core/Src/BMS_test_protocol.c:851:6:Set_Balance_State	16	static
../Core/Src/BMS_test_protocol.c:855:6:Open_Wire_Test	16	static
../Core/Src/BMS_test_protocol.c:859:6:Set_Daisy_Chain	16	static
../Core/Src/BMS_test_protocol.c:871:6:Run_Automatic_Sequence	16	static
../Core/Src/BMS_test_protocol.c:877:7:Get_DC_CSU_Voltage	16	static
../Core/Src/BMS_test_protocol.c:881:7:Get_DC_CSU_Temperature	16	static
../Core/Src/BMS_test_protocol.c:885:9:Get_DC_CSU_Balance_Register	16	static
../Core/Src/BMS_test_protocol.c:889:9:Get_DC_CSU_Open_Wire	16	static
../Core/Src/BMS_test_protocol.c:895:7:Get_11_CSU_Voltage	16	static
../Core/Src/BMS_test_protocol.c:899:7:Get_11_CSU_Temperature	16	static
../Core/Src/BMS_test_protocol.c:903:9:Get_11_CSU_Balance_Register	16	static
../Core/Src/BMS_test_protocol.c:907:9:Get_11_CSU_Open_Wire	16	static
../Core/Src/BMS_test_protocol.c:913:7:Get_12_CSU_Voltage	16	static
../Core/Src/BMS_test_protocol.c:917:7:Get_12_CSU_Temperature	16	static
../Core/Src/BMS_test_protocol.c:921:9:Get_12_CSU_Balance_Register	16	static
../Core/Src/BMS_test_protocol.c:925:9:Get_12_CSU_Open_Wire	16	static
../Core/Src/BMS_test_protocol.c:930:6:test_currecnt_senser	8	static
