../Core/Src/BMS_test_protocol.c:50:6:tester_setup	104	static
../Core/Src/BMS_test_protocol.c:565:7:init_ina229_devices	4	static
../Core/Src/BMS_test_protocol.c:657:23:get_ina_handle	16	static
../Core/Src/BMS_test_protocol.c:661:7:Voltage_Sequence_Automatic	32	static
../Core/Src/BMS_test_protocol.c:688:7:Set_voltage_and_measure	32	static
../Core/Src/BMS_test_protocol.c:745:9:Get_INA_Voltage	32	static
../Core/Src/BMS_test_protocol.c:765:8:Get_INA_Current	32	static
../Core/Src/BMS_test_protocol.c:784:8:Get_INA_Temp	32	static
../Core/Src/BMS_test_protocol.c:803:11:Get_Cell_Temp_Resistance	16	static
../Core/Src/BMS_test_protocol.c:810:7:Set_Balance_State	16	static
../Core/Src/BMS_test_protocol.c:814:7:Open_Wire_Test	16	static
../Core/Src/BMS_test_protocol.c:818:7:Set_Daisy_Chain	16	static
../Core/Src/BMS_test_protocol.c:830:7:Run_Automatic_Sequence	16	static
../Core/Src/BMS_test_protocol.c:836:9:Get_DC_CSU_Voltage	16	static
../Core/Src/BMS_test_protocol.c:840:9:Get_DC_CSU_Temperature	16	static
../Core/Src/BMS_test_protocol.c:844:11:Get_DC_CSU_Balance_Register	16	static
../Core/Src/BMS_test_protocol.c:848:11:Get_DC_CSU_Open_Wire	16	static
../Core/Src/BMS_test_protocol.c:854:9:Get_11_CSU_Voltage	16	static
../Core/Src/BMS_test_protocol.c:858:9:Get_11_CSU_Temperature	16	static
../Core/Src/BMS_test_protocol.c:862:11:Get_11_CSU_Balance_Register	16	static
../Core/Src/BMS_test_protocol.c:866:11:Get_11_CSU_Open_Wire	16	static
../Core/Src/BMS_test_protocol.c:872:9:Get_12_CSU_Voltage	16	static
../Core/Src/BMS_test_protocol.c:876:9:Get_12_CSU_Temperature	16	static
../Core/Src/BMS_test_protocol.c:880:11:Get_12_CSU_Balance_Register	16	static
../Core/Src/BMS_test_protocol.c:884:11:Get_12_CSU_Open_Wire	16	static
../Core/Src/BMS_test_protocol.c:889:7:test_currecnt_senser	8	static
