../Core/Src/BMS_test_protocol.c:334:6:init_ina229_devices	8	static
../Core/Src/BMS_test_protocol.c:455:6:Set_voltage_and_measure	24	static
../Core/Src/BMS_test_protocol.c:430:6:Voltage_Sequence_Automatic	64	static
../Core/Src/BMS_test_protocol.c:41:6:tester_setup	72	static
../Core/Src/BMS_test_protocol.c:504:7:Get_INA_Voltage	24	static
../Core/Src/BMS_test_protocol.c:524:7:Get_INA_Current	24	static
../Core/Src/BMS_test_protocol.c:543:7:Get_INA_Temp	24	static
../Core/Src/BMS_test_protocol.c:562:9:Get_Cell_Temp_Resistance	0	static
../Core/Src/BMS_test_protocol.c:568:7:Get_Cell_Voltage	0	static
../Core/Src/BMS_test_protocol.c:572:7:Get_Cell_Temperature	0	static
../Core/Src/BMS_test_protocol.c:576:7:Get_Cell_Current	0	static
../Core/Src/BMS_test_protocol.c:581:6:Set_Balance_State	0	static
../Core/Src/BMS_test_protocol.c:585:6:Open_Wire_Test	0	static
../Core/Src/BMS_test_protocol.c:589:6:Set_Daisy_Chain	0	static
../Core/Src/BMS_test_protocol.c:593:6:Run_Automatic_Sequence	0	static
../Core/Src/BMS_test_protocol.c:599:7:Get_DC_CSU_Voltage	0	static
../Core/Src/BMS_test_protocol.c:603:7:Get_DC_CSU_Temperature	0	static
../Core/Src/BMS_test_protocol.c:607:9:Get_DC_CSU_Balance_Register	0	static
../Core/Src/BMS_test_protocol.c:611:9:Get_DC_CSU_Open_Wire	0	static
../Core/Src/BMS_test_protocol.c:617:7:Get_11_CSU_Voltage	0	static
../Core/Src/BMS_test_protocol.c:621:7:Get_11_CSU_Temperature	0	static
../Core/Src/BMS_test_protocol.c:625:9:Get_11_CSU_Balance_Register	0	static
../Core/Src/BMS_test_protocol.c:629:9:Get_11_CSU_Open_Wire	0	static
../Core/Src/BMS_test_protocol.c:635:7:Get_12_CSU_Voltage	0	static
../Core/Src/BMS_test_protocol.c:639:7:Get_12_CSU_Temperature	0	static
../Core/Src/BMS_test_protocol.c:643:9:Get_12_CSU_Balance_Register	0	static
../Core/Src/BMS_test_protocol.c:647:9:Get_12_CSU_Open_Wire	0	static
