../Core/Src/BMS_test_protocol.c:41:6:tester_setup	72	static
../Core/Src/BMS_test_protocol.c:393:6:init_ina229_devices	4	static
../Core/Src/BMS_test_protocol.c:485:22:get_ina_handle	16	static
../Core/Src/BMS_test_protocol.c:489:6:Voltage_Sequence_Automatic	64	static
../Core/Src/BMS_test_protocol.c:514:6:Set_voltage_and_measure	32	static
../Core/Src/BMS_test_protocol.c:563:7:Get_INA_Voltage	32	static
../Core/Src/BMS_test_protocol.c:583:7:Get_INA_Current	32	static
../Core/Src/BMS_test_protocol.c:602:7:Get_INA_Temp	32	static
../Core/Src/BMS_test_protocol.c:621:9:Get_Cell_Temp_Resistance	16	static
../Core/Src/BMS_test_protocol.c:628:6:Set_Balance_State	16	static
../Core/Src/BMS_test_protocol.c:632:6:Open_Wire_Test	16	static
../Core/Src/BMS_test_protocol.c:636:6:Set_Daisy_Chain	16	static
../Core/Src/BMS_test_protocol.c:640:6:Run_Automatic_Sequence	16	static
../Core/Src/BMS_test_protocol.c:646:7:Get_DC_CSU_Voltage	16	static
../Core/Src/BMS_test_protocol.c:650:7:Get_DC_CSU_Temperature	16	static
../Core/Src/BMS_test_protocol.c:654:9:Get_DC_CSU_Balance_Register	16	static
../Core/Src/BMS_test_protocol.c:658:9:Get_DC_CSU_Open_Wire	16	static
../Core/Src/BMS_test_protocol.c:664:7:Get_11_CSU_Voltage	16	static
../Core/Src/BMS_test_protocol.c:668:7:Get_11_CSU_Temperature	16	static
../Core/Src/BMS_test_protocol.c:672:9:Get_11_CSU_Balance_Register	16	static
../Core/Src/BMS_test_protocol.c:676:9:Get_11_CSU_Open_Wire	16	static
../Core/Src/BMS_test_protocol.c:682:7:Get_12_CSU_Voltage	16	static
../Core/Src/BMS_test_protocol.c:686:7:Get_12_CSU_Temperature	16	static
../Core/Src/BMS_test_protocol.c:690:9:Get_12_CSU_Balance_Register	16	static
../Core/Src/BMS_test_protocol.c:694:9:Get_12_CSU_Open_Wire	16	static
