../Core/Src/fatfs_sd.c:40:14:SD_GetState	4	static
../Core/Src/fatfs_sd.c:45:13:SD_GetStatusMessage	4	static
../Core/Src/fatfs_sd.c:97:11:SD_Init	8	static
../Core/Src/fatfs_sd.c:105:11:SD_DeInit	8	static
../Core/Src/fatfs_sd.c:111:11:SD_Get_Space	32	static
../Core/Src/fatfs_sd.c:126:11:SD_Write_File	24	static
../Core/Src/fatfs_sd.c:138:11:SD_Read_File	24	static
../Core/Src/fatfs_sd.c:150:11:SD_Append_File	24	static
../Core/Src/fatfs_sd.c:168:11:SD_Delete_File	16	static
../Core/Src/fatfs_sd.c:180:13:SELECT	8	static
../Core/Src/fatfs_sd.c:187:13:DESELECT	8	static
../Core/Src/fatfs_sd.c:194:13:SPI_TxByte	16	static
../Core/Src/fatfs_sd.c:201:13:SPI_TxBuffer	16	static
../Core/Src/fatfs_sd.c:208:16:SPI_RxByte	24	static
../Core/Src/fatfs_sd.c:220:13:SPI_RxBytePtr	16	static
../Core/Src/fatfs_sd.c:230:16:SD_ReadyWait	16	static
../Core/Src/fatfs_sd.c:246:13:SD_PowerOn	24	static
../Core/Src/fatfs_sd.c:284:13:SD_PowerOff	4	static
../Core/Src/fatfs_sd.c:290:16:SD_CheckPower	4	static
../Core/Src/fatfs_sd.c:296:13:SD_RxDataBlock	24	static
../Core/Src/fatfs_sd.c:325:13:SD_TxDataBlock	24	static
../Core/Src/fatfs_sd.c:367:13:SD_SendCmd	24	static
../Core/Src/fatfs_sd.c:406:9:SD_disk_initialize	32	static
../Core/Src/fatfs_sd.c:506:9:SD_disk_status	16	static
../Core/Src/fatfs_sd.c:513:9:SD_disk_read	24	static
../Core/Src/fatfs_sd.c:555:9:SD_disk_write	24	static
../Core/Src/fatfs_sd.c:610:9:SD_disk_ioctl	56	static
