../Core/Src/fatfs_sd.c:101:6:Check_SDCard	64	static
../Core/Src/fatfs_sd.c:116:11:SD_Init	8	static
../Core/Src/fatfs_sd.c:124:11:SD_DeInit	8	static
../Core/Src/fatfs_sd.c:132:11:SD_Get_Space	32	static
../Core/Src/fatfs_sd.c:147:11:SD_Write_File	24	static
../Core/Src/fatfs_sd.c:159:11:SD_Read_File	24	static
../Core/Src/fatfs_sd.c:171:11:SD_Append_File	24	static
../Core/Src/fatfs_sd.c:189:11:SD_Delete_File	16	static
../Core/Src/fatfs_sd.c:201:13:SELECT	8	static
../Core/Src/fatfs_sd.c:208:13:DESELECT	8	static
../Core/Src/fatfs_sd.c:215:13:SPI_TxByte	16	static
../Core/Src/fatfs_sd.c:222:13:SPI_TxBuffer	16	static
../Core/Src/fatfs_sd.c:229:16:SPI_RxByte	24	static
../Core/Src/fatfs_sd.c:241:13:SPI_RxBytePtr	16	static
../Core/Src/fatfs_sd.c:251:16:SD_ReadyWait	16	static
../Core/Src/fatfs_sd.c:279:13:SD_PowerOn	24	static
../Core/Src/fatfs_sd.c:317:13:SD_PowerOff	4	static
../Core/Src/fatfs_sd.c:323:16:SD_CheckPower	4	static
../Core/Src/fatfs_sd.c:329:13:SD_RxDataBlock	24	static
../Core/Src/fatfs_sd.c:358:13:SD_TxDataBlock	24	static
../Core/Src/fatfs_sd.c:400:13:SD_SendCmd	24	static
../Core/Src/fatfs_sd.c:439:9:SD_disk_initialize	32	static
../Core/Src/fatfs_sd.c:539:9:SD_disk_status	16	static
../Core/Src/fatfs_sd.c:546:9:SD_disk_read	24	static
../Core/Src/fatfs_sd.c:588:9:SD_disk_write	24	static
../Core/Src/fatfs_sd.c:643:9:SD_disk_ioctl	56	static
