../Core/Src/fatfs_sd.c:30:13:SELECT	8	static
../Core/Src/fatfs_sd.c:37:13:DESELECT	8	static
../Core/Src/fatfs_sd.c:44:13:SPI_TxByte	16	static
../Core/Src/fatfs_sd.c:51:13:SPI_TxBuffer	16	static
../Core/Src/fatfs_sd.c:58:16:SPI_RxByte	24	static
../Core/Src/fatfs_sd.c:70:13:SPI_RxBytePtr	16	static
../Core/Src/fatfs_sd.c:80:16:SD_ReadyWait	16	static
../Core/Src/fatfs_sd.c:96:13:SD_PowerOn	24	static
../Core/Src/fatfs_sd.c:134:13:SD_PowerOff	4	static
../Core/Src/fatfs_sd.c:140:16:SD_CheckPower	4	static
../Core/Src/fatfs_sd.c:146:13:SD_RxDataBlock	24	static
../Core/Src/fatfs_sd.c:175:13:SD_TxDataBlock	24	static
../Core/Src/fatfs_sd.c:217:13:SD_SendCmd	24	static
../Core/Src/fatfs_sd.c:256:9:SD_disk_initialize	32	static
../Core/Src/fatfs_sd.c:356:9:SD_disk_status	16	static
../Core/Src/fatfs_sd.c:363:9:SD_disk_read	24	static
../Core/Src/fatfs_sd.c:405:9:SD_disk_write	24	static
../Core/Src/fatfs_sd.c:460:9:SD_disk_ioctl	56	static
