../Core/Src/LTC6811.c:19:6:LTC6811_init_reg_limits	24	static
../Core/Src/LTC6811.c:40:6:LTC6811_wrcfg	16	static
../Core/Src/LTC6811.c:48:8:LTC6811_rdcfg	24	static
../Core/Src/LTC6811.c:58:6:LTC6811_adcv	16	static
../Core/Src/LTC6811.c:67:6:LTC6811_adax	16	static
../Core/Src/LTC6811.c:75:6:LTC6811_adstat	16	static
../Core/Src/LTC6811.c:83:6:LTC6811_adcvax	16	static
../Core/Src/LTC6811.c:91:6:LTC6811_adcvsc	16	static
../Core/Src/LTC6811.c:103:9:LTC6811_rdcv	24	static
../Core/Src/LTC6811.c:118:8:LTC6811_rdaux	24	static
../Core/Src/LTC6811.c:134:8:LTC6811_rdstat	24	static
../Core/Src/LTC6811.c:145:9:LTC6811_pladc	8	static
../Core/Src/LTC6811.c:151:10:LTC6811_pollAdc	8	static
../Core/Src/LTC6811.c:160:6:LTC6811_clrcell	8	static
../Core/Src/LTC6811.c:169:6:LTC6811_clraux	8	static
../Core/Src/LTC6811.c:178:6:LTC6811_clrstat	8	static
../Core/Src/LTC6811.c:184:6:LTC6811_diagn	8	static
../Core/Src/LTC6811.c:190:6:LTC6811_cvst	16	static
../Core/Src/LTC6811.c:198:6:LTC6811_axst	16	static
../Core/Src/LTC6811.c:206:6:LTC6811_statst	16	static
../Core/Src/LTC6811.c:214:6:LTC6811_adol	16	static
../Core/Src/LTC6811.c:222:6:LTC6811_adaxd	16	static
../Core/Src/LTC6811.c:230:6:LTC6811_adstatd	16	static
../Core/Src/LTC6811.c:238:9:LTC6811_run_cell_adc_st	32	static
../Core/Src/LTC6811.c:251:10:LTC6811_run_adc_overlap	24	static
../Core/Src/LTC6811.c:261:9:LTC6811_run_adc_redundancy_st	24	static
../Core/Src/LTC6811.c:273:6:LTC6811_adow	24	static
../Core/Src/LTC6811.c:283:6:LTC6811_run_openwire_single	16	static
../Core/Src/LTC6811.c:291:6:LTC6811_run_openwire_multi	16	static
../Core/Src/LTC6811.c:299:6:LTC6811_set_discharge	24	static
../Core/Src/LTC6811.c:320:6:LTC6811_clear_discharge	16	static
../Core/Src/LTC6811.c:326:6:LTC6811_wrpwm	16	static
../Core/Src/LTC6811.c:335:8:LTC6811_rdpwm	24	static
../Core/Src/LTC6811.c:346:6:LTC6811_wrsctrl	16	static
../Core/Src/LTC6811.c:355:8:LTC6811_rdsctrl	24	static
../Core/Src/LTC6811.c:369:6:LTC6811_stsctrl	8	static
../Core/Src/LTC6811.c:379:6:LTC6811_clrsctrl	8	static
../Core/Src/LTC6811.c:385:6:LTC6811_wrcomm	16	static
../Core/Src/LTC6811.c:393:8:LTC6811_rdcomm	24	static
../Core/Src/LTC6811.c:403:6:LTC6811_stcomm	16	static
../Core/Src/LTC6811.c:409:6:LTC6811_check_pec	16	static
../Core/Src/LTC6811.c:418:6:LTC6811_reset_crc_count	16	static
../Core/Src/LTC6811.c:426:6:LTC6811_init_cfg	16	static
../Core/Src/LTC6811.c:434:6:LTC6811_set_cfgr	40	static
../Core/Src/LTC6811.c:449:6:LTC6811_set_cfgr_refon	16	static
../Core/Src/LTC6811.c:455:6:LTC6811_set_cfgr_adcopt	16	static
../Core/Src/LTC6811.c:461:6:LTC6811_set_cfgr_gpio	24	static
../Core/Src/LTC6811.c:467:6:LTC6811_set_cfgr_dis	24	static
../Core/Src/LTC6811.c:473:6:LTC6811_set_cfgr_dcto	24	static
../Core/Src/LTC6811.c:479:6:LTC6811_set_cfgr_uv	16	static
../Core/Src/LTC6811.c:485:6:LTC6811_set_cfgr_ov	16	static
