../Core/Src/main.c:240:5:main	48	static
../Core/Src/main.c:1383:6:SystemClock_Config	88	static
../Core/Src/main.c:1430:13:MX_CAN1_Init	8	static
../Core/Src/main.c:1467:13:MX_CAN2_Init	8	static
../Core/Src/main.c:1504:13:MX_I2C1_Init	8	static
../Core/Src/main.c:1552:13:MX_I2C2_Init	8	static
../Core/Src/main.c:1600:13:MX_I2C3_Init	8	static
../Core/Src/main.c:1648:13:MX_SPI1_Init	8	static
../Core/Src/main.c:1686:13:MX_SPI2_Init	8	static
../Core/Src/main.c:1724:13:MX_SPI3_Init	8	static
../Core/Src/main.c:1762:13:MX_SPI4_Init	8	static
../Core/Src/main.c:1800:13:MX_USART1_UART_Init	8	static
../Core/Src/main.c:1833:13:MX_USART2_UART_Init	8	static
../Core/Src/main.c:1866:13:MX_USART3_UART_Init	8	static
../Core/Src/main.c:1899:13:MX_USART6_UART_Init	8	static
../Core/Src/main.c:1932:13:MX_GPIO_Init	64	static
../Core/Src/main.c:2189:6:Scan_I2C_Bus	8	static
../Core/Src/main.c:2220:6:Error_Handler	4	static,ignoring_inline_asm
