../Core/Src/main.c:199:5:main	4
../Core/Src/main.c:477:6:SystemClock_Config	3
../Core/Src/main.c:524:13:MX_CAN1_Init	2
../Core/Src/main.c:561:13:MX_CAN2_Init	2
../Core/Src/main.c:598:13:MX_I2C1_Init	4
../Core/Src/main.c:646:13:MX_I2C2_Init	4
../Core/Src/main.c:694:13:MX_I2C3_Init	4
../Core/Src/main.c:742:13:MX_SPI1_Init	2
../Core/Src/main.c:780:13:MX_SPI2_Init	2
../Core/Src/main.c:818:13:MX_SPI3_Init	2
../Core/Src/main.c:856:13:MX_SPI4_Init	2
../Core/Src/main.c:894:13:MX_TIM1_Init	4
../Core/Src/main.c:940:13:MX_USART1_UART_Init	2
../Core/Src/main.c:973:13:MX_USART2_UART_Init	2
../Core/Src/main.c:1006:13:MX_USART3_UART_Init	2
../Core/Src/main.c:1039:13:MX_USART6_UART_Init	2
../Core/Src/main.c:1072:13:MX_GPIO_Init	1
../Core/Src/main.c:1361:6:Scan_I2C_Bus	3
../Core/Src/main.c:1445:22:get_ina_handle	1
../Core/Src/main.c:1523:6:HAL_UARTEx_RxEventCallback	1
../Core/Src/main.c:1586:6:HAL_TIM_PeriodElapsedCallback	1
../Core/Src/main.c:1591:6:HAL_GPIO_EXTI_Callback	1
../Core/Src/main.c:1603:6:Error_Handler	1
