../Core/Src/main.c:262:5:main	48	static
../Core/Src/main.c:1420:6:SystemClock_Config	88	static
../Core/Src/main.c:1467:13:MX_CAN1_Init	8	static
../Core/Src/main.c:1504:13:MX_CAN2_Init	8	static
../Core/Src/main.c:1541:13:MX_I2C1_Init	8	static
../Core/Src/main.c:1589:13:MX_I2C2_Init	8	static
../Core/Src/main.c:1637:13:MX_I2C3_Init	8	static
../Core/Src/main.c:1685:13:MX_SPI1_Init	8	static
../Core/Src/main.c:1723:13:MX_SPI2_Init	8	static
../Core/Src/main.c:1761:13:MX_SPI3_Init	8	static
../Core/Src/main.c:1799:13:MX_SPI4_Init	8	static
../Core/Src/main.c:1837:13:MX_USART1_UART_Init	8	static
../Core/Src/main.c:1870:13:MX_USART2_UART_Init	8	static
../Core/Src/main.c:1903:13:MX_USART3_UART_Init	8	static
../Core/Src/main.c:1936:13:MX_USART6_UART_Init	8	static
../Core/Src/main.c:1969:13:MX_GPIO_Init	64	static
../Core/Src/main.c:2228:6:Scan_I2C_Bus	8	static
../Core/Src/main.c:2253:6:SetVoltageAndMeasure	40	static
../Core/Src/main.c:2300:6:PerformVoltageSequence	64	static
../Core/Src/main.c:2378:27:get_i2c_handle	16	static
../Core/Src/main.c:2383:22:get_ina_handle	16	static
../Core/Src/main.c:2387:6:Voltage_Sequence_Automatic	64	static
../Core/Src/main.c:2409:6:Set_voltage_and_measure	32	static
../Core/Src/main.c:2442:6:HAL_GPIO_EXTI_Callback	16	static
../Core/Src/main.c:2454:6:Error_Handler	4	static,ignoring_inline_asm
