../Core/Src/main.c:191:5:main	8	static
../Core/Src/main.c:1171:6:SystemClock_Config	88	static
../Core/Src/main.c:1224:13:MX_I2C2_Init	8	static
../Core/Src/main.c:1272:13:MX_I2C3_Init	8	static
../Core/Src/main.c:1320:13:MX_SPI1_Init	8	static
../Core/Src/main.c:1358:13:MX_SPI2_Init	8	static
../Core/Src/main.c:1396:13:MX_SPI3_Init	8	static
../Core/Src/main.c:1434:13:MX_GPIO_Init	64	static
../Core/Src/main.c:1660:6:Scan_I2C_Bus	8	static
../Core/Src/main.c:1691:6:Error_Handler	4	static,ignoring_inline_asm
