../Core/Src/main.c:188:5:main	48	static
../Core/Src/main.c:449:6:SystemClock_Config	88	static
../Core/Src/main.c:496:13:MX_CAN1_Init	8	static
../Core/Src/main.c:533:13:MX_CAN2_Init	8	static
../Core/Src/main.c:570:13:MX_I2C1_Init	8	static
../Core/Src/main.c:618:13:MX_I2C2_Init	8	static
../Core/Src/main.c:666:13:MX_I2C3_Init	8	static
../Core/Src/main.c:714:13:MX_SPI1_Init	8	static
../Core/Src/main.c:752:13:MX_SPI2_Init	8	static
../Core/Src/main.c:790:13:MX_SPI3_Init	8	static
../Core/Src/main.c:828:13:MX_SPI4_Init	8	static
../Core/Src/main.c:866:13:MX_USART1_UART_Init	8	static
../Core/Src/main.c:899:13:MX_USART2_UART_Init	8	static
../Core/Src/main.c:932:13:MX_USART3_UART_Init	8	static
../Core/Src/main.c:965:13:MX_USART6_UART_Init	8	static
../Core/Src/main.c:998:13:MX_GPIO_Init	64	static
../Core/Src/main.c:1287:6:Scan_I2C_Bus	8	static
../Core/Src/main.c:1371:22:get_ina_handle	16	static
../Core/Src/main.c:1449:6:HAL_UARTEx_RxEventCallback	16	static
../Core/Src/main.c:1510:6:HAL_GPIO_EXTI_Callback	16	static
../Core/Src/main.c:1522:6:Error_Handler	4	static,ignoring_inline_asm
