../Core/Src/main.c:191:5:main	56	static
../Core/Src/main.c:450:6:SystemClock_Config	88	static
../Core/Src/main.c:504:13:MX_CAN1_Init	8	static
../Core/Src/main.c:541:13:MX_CAN2_Init	8	static
../Core/Src/main.c:578:13:MX_I2C1_Init	8	static
../Core/Src/main.c:626:13:MX_I2C2_Init	8	static
../Core/Src/main.c:674:13:MX_I2C3_Init	8	static
../Core/Src/main.c:722:13:MX_SPI1_Init	8	static
../Core/Src/main.c:760:13:MX_SPI2_Init	8	static
../Core/Src/main.c:798:13:MX_SPI3_Init	8	static
../Core/Src/main.c:836:13:MX_SPI4_Init	8	static
../Core/Src/main.c:874:13:MX_TIM1_Init	32	static
../Core/Src/main.c:920:13:MX_USART1_UART_Init	8	static
../Core/Src/main.c:953:13:MX_USART2_UART_Init	8	static
../Core/Src/main.c:986:13:MX_USART3_UART_Init	8	static
../Core/Src/main.c:1019:13:MX_USART6_UART_Init	8	static
../Core/Src/main.c:1052:13:MX_GPIO_Init	64	static
../Core/Src/main.c:1312:6:Scan_I2C_Bus	8	static
../Core/Src/main.c:1338:6:HAL_GPIO_EXTI_Callback	16	static
../Core/Src/main.c:1345:6:send_Data	16	static
../Core/Src/main.c:1357:6:HAL_UARTEx_RxEventCallback	16	static
../Core/Src/main.c:1412:6:Error_Handler	4	static,ignoring_inline_asm
