../Core/Src/main.c:195:5:main	48	static
../Core/Src/main.c:462:6:SystemClock_Config	88	static
../Core/Src/main.c:509:13:MX_CAN1_Init	8	static
../Core/Src/main.c:546:13:MX_CAN2_Init	8	static
../Core/Src/main.c:583:13:MX_I2C1_Init	8	static
../Core/Src/main.c:631:13:MX_I2C2_Init	8	static
../Core/Src/main.c:679:13:MX_I2C3_Init	8	static
../Core/Src/main.c:727:13:MX_SPI1_Init	8	static
../Core/Src/main.c:765:13:MX_SPI2_Init	8	static
../Core/Src/main.c:803:13:MX_SPI3_Init	8	static
../Core/Src/main.c:841:13:MX_SPI4_Init	8	static
../Core/Src/main.c:879:13:MX_TIM1_Init	32	static
../Core/Src/main.c:925:13:MX_USART1_UART_Init	8	static
../Core/Src/main.c:958:13:MX_USART2_UART_Init	8	static
../Core/Src/main.c:991:13:MX_USART3_UART_Init	8	static
../Core/Src/main.c:1024:13:MX_USART6_UART_Init	8	static
../Core/Src/main.c:1057:13:MX_GPIO_Init	64	static
../Core/Src/main.c:1346:6:Scan_I2C_Bus	8	static
../Core/Src/main.c:1430:22:get_ina_handle	16	static
../Core/Src/main.c:1508:6:HAL_UARTEx_RxEventCallback	16	static
../Core/Src/main.c:1571:6:HAL_TIM_PeriodElapsedCallback	16	static
../Core/Src/main.c:1576:6:HAL_GPIO_EXTI_Callback	16	static
../Core/Src/main.c:1588:6:Error_Handler	4	static,ignoring_inline_asm
