../Core/Src/main.c:276:5:main	8	static
../Core/Src/main.c:1449:6:SystemClock_Config	88	static
../Core/Src/main.c:1496:13:MX_CAN1_Init	8	static
../Core/Src/main.c:1533:13:MX_CAN2_Init	8	static
../Core/Src/main.c:1570:13:MX_I2C1_Init	8	static
../Core/Src/main.c:1618:13:MX_I2C2_Init	8	static
../Core/Src/main.c:1666:13:MX_I2C3_Init	8	static
../Core/Src/main.c:1714:13:MX_SPI1_Init	8	static
../Core/Src/main.c:1752:13:MX_SPI2_Init	8	static
../Core/Src/main.c:1790:13:MX_SPI3_Init	8	static
../Core/Src/main.c:1828:13:MX_SPI4_Init	8	static
../Core/Src/main.c:1866:13:MX_USART1_UART_Init	8	static
../Core/Src/main.c:1899:13:MX_USART2_UART_Init	8	static
../Core/Src/main.c:1932:13:MX_USART3_UART_Init	8	static
../Core/Src/main.c:1965:13:MX_USART6_UART_Init	8	static
../Core/Src/main.c:1998:13:MX_GPIO_Init	64	static
../Core/Src/main.c:2278:6:Scan_I2C_Bus	8	static
../Core/Src/main.c:2303:6:SetVoltageAndMeasure	40	static
../Core/Src/main.c:2350:6:PerformVoltageSequence	64	static
../Core/Src/main.c:2428:27:get_i2c_handle	16	static
../Core/Src/main.c:2433:22:get_ina_handle	16	static
../Core/Src/main.c:2437:6:Voltage_Sequence_Automatic	64	static
../Core/Src/main.c:2459:6:Set_voltage_and_measure	32	static
../Core/Src/main.c:2492:6:HAL_GPIO_EXTI_Callback	16	static
../Core/Src/main.c:2504:6:Error_Handler	4	static,ignoring_inline_asm
