../Core/Src/main.c:190:5:main	48	static
../Core/Src/main.c:451:6:SystemClock_Config	88	static
../Core/Src/main.c:498:13:MX_CAN1_Init	8	static
../Core/Src/main.c:535:13:MX_CAN2_Init	8	static
../Core/Src/main.c:572:13:MX_I2C1_Init	8	static
../Core/Src/main.c:620:13:MX_I2C2_Init	8	static
../Core/Src/main.c:668:13:MX_I2C3_Init	8	static
../Core/Src/main.c:716:13:MX_SPI1_Init	8	static
../Core/Src/main.c:754:13:MX_SPI2_Init	8	static
../Core/Src/main.c:792:13:MX_SPI3_Init	8	static
../Core/Src/main.c:830:13:MX_SPI4_Init	8	static
../Core/Src/main.c:868:13:MX_USART1_UART_Init	8	static
../Core/Src/main.c:901:13:MX_USART2_UART_Init	8	static
../Core/Src/main.c:934:13:MX_USART3_UART_Init	8	static
../Core/Src/main.c:967:13:MX_USART6_UART_Init	8	static
../Core/Src/main.c:1000:13:MX_GPIO_Init	64	static
../Core/Src/main.c:1289:6:Scan_I2C_Bus	8	static
../Core/Src/main.c:1373:22:get_ina_handle	16	static
../Core/Src/main.c:1451:6:HAL_UARTEx_RxEventCallback	16	static
../Core/Src/main.c:1512:6:HAL_GPIO_EXTI_Callback	16	static
../Core/Src/main.c:1524:6:Error_Handler	4	static,ignoring_inline_asm
