../Core/Src/main.c:336:6:cs_low	8	static
../Core/Src/main.c:344:6:cs_high	8	static
../Core/Src/main.c:352:6:delay_time_us	24	static,ignoring_inline_asm
../Core/Src/main.c:367:9:spi_write_reg_analog	32	static
../Core/Src/main.c:380:6:spi_write_array	24	static
../Core/Src/main.c:401:6:spi_write_read	24	static
../Core/Src/main.c:427:9:spi_read_byte	32	static
../Core/Src/main.c:442:6:temparature_data_read	32	static
../Core/Src/main.c:482:13:tempDataTableRead	24	static
../Core/Src/main.c:502:8:cell_voltage_read	16	static
../Core/Src/main.c:526:9:aux_data_read	16	static
../Core/Src/main.c:550:8:stat_data_read	16	static
../Core/Src/main.c:565:8:adc_test_data_read	16	static
../Core/Src/main.c:585:8:adc_overlap_data_read	16	static
../Core/Src/main.c:596:8:digital_redundancy_check	8	static
../Core/Src/main.c:610:10:crc_error_read	16	static
../Core/Src/main.c:623:6:open_wire_check	8	static
../Core/Src/main.c:632:6:open_wire_gpio_check	8	static
../Core/Src/main.c:655:8:config_data_read	16	static
../Core/Src/main.c:667:6:pwm_reg_read	8	static
../Core/Src/main.c:679:8:s_control_reg_read	16	static
../Core/Src/main.c:694:6:cell_balance_LTC	16	static
../Core/Src/main.c:760:6:analyze_cell_data	16	static
../Core/Src/main.c:1119:5:main	48	static
../Core/Src/main.c:2239:6:SystemClock_Config	88	static
../Core/Src/main.c:2292:13:MX_I2C2_Init	8	static
../Core/Src/main.c:2340:13:MX_I2C3_Init	8	static
../Core/Src/main.c:2388:13:MX_SPI1_Init	8	static
../Core/Src/main.c:2426:13:MX_SPI2_Init	8	static
../Core/Src/main.c:2464:13:MX_SPI3_Init	8	static
../Core/Src/main.c:2502:13:MX_SPI4_Init	8	static
../Core/Src/main.c:2540:13:MX_GPIO_Init	64	static
../Core/Src/main.c:2756:6:Scan_I2C_Bus	8	static
../Core/Src/main.c:2787:6:Error_Handler	4	static,ignoring_inline_asm
