../Core/Inc/display.h:20:9:u8x8_stm32_gpio_and_delay	24	static
../Core/Inc/display.h:40:9:u8x8_byte_4wire_hw_spi	24	static
../Core/Inc/display.h:65:6:MainTitlePage	8	static
../Core/Src/main.c:115:5:bufsize	24	static
../Core/Src/main.c:122:6:clear_buffer	16	static
../Core/Src/main.c:168:6:RS485_Send	16	static
../Core/Src/main.c:177:6:HAL_UARTEx_RxEventCallback	16	static
../Core/Src/main.c:202:5:BCD2DEC	16	static
../Core/Src/main.c:212:5:main	8	static
../Core/Src/main.c:525:6:SystemClock_Config	88	static
../Core/Src/main.c:568:6:HAL_GPIO_EXTI_Callback	16	static
../Core/Src/main.c:574:6:SD_CardHandler	16	static
../Core/Src/main.c:610:6:display_lcd	16	static
../Core/Src/main.c:618:6:display_progress_bar	48	static
../Core/Src/main.c:649:6:Error_Handler	4	static,ignoring_inline_asm
