../Core/Src/main.c:272:5:main	56	static
../Core/Src/main.c:530:6:SystemClock_Config	88	static
../Core/Src/main.c:577:13:MX_CAN1_Init	8	static
../Core/Src/main.c:614:13:MX_CAN2_Init	8	static
../Core/Src/main.c:651:13:MX_I2C1_Init	8	static
../Core/Src/main.c:699:13:MX_I2C2_Init	8	static
../Core/Src/main.c:747:13:MX_I2C3_Init	8	static
../Core/Src/main.c:795:13:MX_SPI1_Init	8	static
../Core/Src/main.c:833:13:MX_SPI2_Init	8	static
../Core/Src/main.c:871:13:MX_SPI3_Init	8	static
../Core/Src/main.c:909:13:MX_SPI4_Init	8	static
../Core/Src/main.c:947:13:MX_TIM1_Init	32	static
../Core/Src/main.c:993:13:MX_USART1_UART_Init	8	static
../Core/Src/main.c:1026:13:MX_USART2_UART_Init	8	static
../Core/Src/main.c:1059:13:MX_USART3_UART_Init	8	static
../Core/Src/main.c:1092:13:MX_USART6_UART_Init	8	static
../Core/Src/main.c:1125:13:MX_GPIO_Init	64	static
../Core/Src/main.c:1422:6:Scan_I2C_Bus	8	static
../Core/Src/main.c:1584:6:HAL_UARTEx_RxEventCallback	16	static
../Core/Src/main.c:1605:6:HAL_TIM_PeriodElapsedCallback	16	static
../Core/Src/main.c:1610:6:HAL_GPIO_EXTI_Callback	16	static
../Core/Src/main.c:1622:6:Error_Handler	4	static,ignoring_inline_asm
