../Core/Src/main.c:197:5:main	48	static
../Core/Src/main.c:473:6:SystemClock_Config	88	static
../Core/Src/main.c:520:13:MX_CAN1_Init	8	static
../Core/Src/main.c:557:13:MX_CAN2_Init	8	static
../Core/Src/main.c:594:13:MX_I2C1_Init	8	static
../Core/Src/main.c:642:13:MX_I2C2_Init	8	static
../Core/Src/main.c:690:13:MX_I2C3_Init	8	static
../Core/Src/main.c:738:13:MX_SPI1_Init	8	static
../Core/Src/main.c:776:13:MX_SPI2_Init	8	static
../Core/Src/main.c:814:13:MX_SPI3_Init	8	static
../Core/Src/main.c:852:13:MX_SPI4_Init	8	static
../Core/Src/main.c:890:13:MX_TIM1_Init	32	static
../Core/Src/main.c:936:13:MX_USART1_UART_Init	8	static
../Core/Src/main.c:969:13:MX_USART2_UART_Init	8	static
../Core/Src/main.c:1002:13:MX_USART3_UART_Init	8	static
../Core/Src/main.c:1035:13:MX_USART6_UART_Init	8	static
../Core/Src/main.c:1068:13:MX_GPIO_Init	64	static
../Core/Src/main.c:1357:6:Scan_I2C_Bus	8	static
../Core/Src/main.c:1441:22:get_ina_handle	16	static
../Core/Src/main.c:1519:6:HAL_UARTEx_RxEventCallback	16	static
../Core/Src/main.c:1582:6:HAL_TIM_PeriodElapsedCallback	16	static
../Core/Src/main.c:1587:6:HAL_GPIO_EXTI_Callback	16	static
../Core/Src/main.c:1599:6:Error_Handler	4	static,ignoring_inline_asm
