../Core/Inc/display.h:20:9:u8x8_stm32_gpio_and_delay	24	static
../Core/Inc/display.h:40:9:u8x8_byte_4wire_hw_spi	24	static
../Core/Inc/display.h:65:6:MainTitlePage	8	static
../Core/Src/main.c:120:5:bufsize	24	static
../Core/Src/main.c:127:6:clear_buffer	16	static
../Core/Src/main.c:173:6:RS485_Send	16	static
../Core/Src/main.c:182:6:HAL_UARTEx_RxEventCallback	16	static
../Core/Src/main.c:207:5:BCD2DEC	16	static
../Core/Src/main.c:217:5:main	16	static
../Core/Src/main.c:542:6:SystemClock_Config	88	static
../Core/Src/main.c:585:6:HAL_GPIO_EXTI_Callback	16	static
../Core/Src/main.c:591:6:SD_CardHandler	16	static
../Core/Src/main.c:627:6:display_lcd	16	static
../Core/Src/main.c:638:6:display_progress_bar	48	static
../Core/Src/main.c:663:9:SD_CheckPresent	16	static
../Core/Src/main.c:695:6:Error_Handler	4	static,ignoring_inline_asm
