../Core/Src/main.c:259:5:main	64	static
../Core/Src/main.c:478:6:SystemClock_Config	88	static
../Core/Src/main.c:525:13:MX_CAN1_Init	8	static
../Core/Src/main.c:562:13:MX_CAN2_Init	8	static
../Core/Src/main.c:599:13:MX_I2C1_Init	8	static
../Core/Src/main.c:647:13:MX_I2C2_Init	8	static
../Core/Src/main.c:695:13:MX_I2C3_Init	8	static
../Core/Src/main.c:743:13:MX_SPI1_Init	8	static
../Core/Src/main.c:781:13:MX_SPI2_Init	8	static
../Core/Src/main.c:819:13:MX_SPI3_Init	8	static
../Core/Src/main.c:857:13:MX_SPI4_Init	8	static
../Core/Src/main.c:895:13:MX_USART1_UART_Init	8	static
../Core/Src/main.c:928:13:MX_USART2_UART_Init	8	static
../Core/Src/main.c:961:13:MX_USART3_UART_Init	8	static
../Core/Src/main.c:994:13:MX_USART6_UART_Init	8	static
../Core/Src/main.c:1027:13:MX_GPIO_Init	64	static
../Core/Src/main.c:1286:6:init_ina229_devices	4	static
../Core/Src/main.c:1317:6:Scan_I2C_Bus	8	static
../Core/Src/main.c:1401:22:get_ina_handle	16	static
../Core/Src/main.c:1405:6:Voltage_Sequence_Automatic	64	static
../Core/Src/main.c:1430:6:Set_voltage_and_measure	32	static
../Core/Src/main.c:1473:6:HAL_GPIO_EXTI_Callback	16	static
../Core/Src/main.c:1485:6:Error_Handler	4	static,ignoring_inline_asm
