../Core/Src/main.c:168:5:main	72	static
../Core/Src/main.c:385:6:SystemClock_Config	88	static
../Core/Src/main.c:432:13:MX_CAN1_Init	8	static
../Core/Src/main.c:469:13:MX_CAN2_Init	8	static
../Core/Src/main.c:506:13:MX_I2C1_Init	8	static
../Core/Src/main.c:554:13:MX_I2C2_Init	8	static
../Core/Src/main.c:602:13:MX_I2C3_Init	8	static
../Core/Src/main.c:650:13:MX_SPI1_Init	8	static
../Core/Src/main.c:688:13:MX_SPI2_Init	8	static
../Core/Src/main.c:726:13:MX_SPI3_Init	8	static
../Core/Src/main.c:764:13:MX_SPI4_Init	8	static
../Core/Src/main.c:802:13:MX_USART1_UART_Init	8	static
../Core/Src/main.c:835:13:MX_USART2_UART_Init	8	static
../Core/Src/main.c:868:13:MX_USART3_UART_Init	8	static
../Core/Src/main.c:901:13:MX_USART6_UART_Init	8	static
../Core/Src/main.c:934:13:MX_GPIO_Init	64	static
../Core/Src/main.c:1194:6:Scan_I2C_Bus	8	static
../Core/Src/main.c:1220:6:HAL_GPIO_EXTI_Callback	16	static
../Core/Src/main.c:1232:6:Error_Handler	4	static,ignoring_inline_asm
