../Core/Src/main.c:168:5:main	72	static
../Core/Src/main.c:383:6:SystemClock_Config	88	static
../Core/Src/main.c:430:13:MX_CAN1_Init	8	static
../Core/Src/main.c:467:13:MX_CAN2_Init	8	static
../Core/Src/main.c:504:13:MX_I2C1_Init	8	static
../Core/Src/main.c:552:13:MX_I2C2_Init	8	static
../Core/Src/main.c:600:13:MX_I2C3_Init	8	static
../Core/Src/main.c:648:13:MX_SPI1_Init	8	static
../Core/Src/main.c:686:13:MX_SPI2_Init	8	static
../Core/Src/main.c:724:13:MX_SPI3_Init	8	static
../Core/Src/main.c:762:13:MX_SPI4_Init	8	static
../Core/Src/main.c:800:13:MX_USART1_UART_Init	8	static
../Core/Src/main.c:833:13:MX_USART2_UART_Init	8	static
../Core/Src/main.c:866:13:MX_USART3_UART_Init	8	static
../Core/Src/main.c:899:13:MX_USART6_UART_Init	8	static
../Core/Src/main.c:932:13:MX_GPIO_Init	64	static
../Core/Src/main.c:1191:6:init_ina229_devices	4	static
../Core/Src/main.c:1222:6:Scan_I2C_Bus	8	static
../Core/Src/main.c:1306:22:get_ina_handle	16	static
../Core/Src/main.c:1310:6:Voltage_Sequence_Automatic	64	static
../Core/Src/main.c:1335:6:Set_voltage_and_measure	32	static
../Core/Src/main.c:1383:6:HAL_GPIO_EXTI_Callback	16	static
../Core/Src/main.c:1395:6:Error_Handler	4	static,ignoring_inline_asm
