../Core/Src/stm32f4xx_hal_msp.c:64:6:HAL_MspInit	8	static
../Core/Src/stm32f4xx_hal_msp.c:89:6:HAL_CAN_MspInit	64	static
../Core/Src/stm32f4xx_hal_msp.c:161:6:HAL_CAN_MspDeInit	8	static
../Core/Src/stm32f4xx_hal_msp.c:218:6:HAL_I2C_MspInit	64	static
../Core/Src/stm32f4xx_hal_msp.c:302:6:HAL_I2C_MspDeInit	8	static
../Core/Src/stm32f4xx_hal_msp.c:373:6:HAL_SPI_MspInit	72	static
../Core/Src/stm32f4xx_hal_msp.c:492:6:HAL_SPI_MspDeInit	0	static
../Core/Src/stm32f4xx_hal_msp.c:579:6:HAL_TIM_Base_MspInit	8	static
../Core/Src/stm32f4xx_hal_msp.c:602:6:HAL_TIM_Base_MspDeInit	0	static
../Core/Src/stm32f4xx_hal_msp.c:624:6:HAL_UART_MspInit	72	static
../Core/Src/stm32f4xx_hal_msp.c:744:6:HAL_UART_MspDeInit	8	static
